Archive member included to satisfy reference by file (symbol)

ym/microbit/source/microbit.a(MicroBit.cpp.o)
                              source/CMakeFiles/MicrobitDraw.dir/home/hettysymes/Microbit/MicrobitDraw/source/main.cpp.o (MicroBit::MicroBit())
ym/microbit-dal/source/microbit-dal.a(MicroBitDevice.cpp.o)
                              ym/microbit/source/microbit.a(MicroBit.cpp.o) (microbit_serial_number())
ym/microbit-dal/source/microbit-dal.a(MicroBitFiber.cpp.o)
                              ym/microbit/source/microbit.a(MicroBit.cpp.o) (scheduler_init(EventModel&))
ym/microbit-dal/source/microbit-dal.a(MicroBitFont.cpp.o)
                              ym/microbit-dal/source/microbit-dal.a(MicroBitDevice.cpp.o) (MicroBitFont::defaultFont)
ym/microbit-dal/source/microbit-dal.a(MicroBitHeapAllocator.cpp.o)
                              ym/microbit/source/microbit.a(MicroBit.cpp.o) (microbit_create_heap(unsigned long, unsigned long))
ym/microbit-dal/source/microbit-dal.a(MicroBitListener.cpp.o)
                              source/CMakeFiles/MicrobitDraw.dir/home/hettysymes/Microbit/MicrobitDraw/source/main.cpp.o (MicroBitListener::MicroBitListener(unsigned short, unsigned short, void (*)(MicroBitEvent), unsigned short))
ym/microbit-dal/source/microbit-dal.a(MicroBitSystemTimer.cpp.o)
                              ym/microbit-dal/source/microbit-dal.a(MicroBitFiber.cpp.o) (system_timer_current_time())
ym/microbit-dal/source/microbit-dal.a(ManagedString.cpp.o)
                              source/CMakeFiles/MicrobitDraw.dir/home/hettysymes/Microbit/MicrobitDraw/source/main.cpp.o (ManagedString::~ManagedString())
ym/microbit-dal/source/microbit-dal.a(MicroBitEvent.cpp.o)
                              ym/microbit/source/microbit.a(MicroBit.cpp.o) (MicroBitEvent::MicroBitEvent())
ym/microbit-dal/source/microbit-dal.a(MicroBitImage.cpp.o)
                              source/CMakeFiles/MicrobitDraw.dir/home/hettysymes/Microbit/MicrobitDraw/source/main.cpp.o (MicroBitImage::setPixelValue(short, short, unsigned char))
ym/microbit-dal/source/microbit-dal.a(PacketBuffer.cpp.o)
                              ym/microbit-dal/source/microbit-dal.a(ManagedString.cpp.o) (PacketBuffer::getBytes())
ym/microbit-dal/source/microbit-dal.a(RefCounted.cpp.o)
                              ym/microbit-dal/source/microbit-dal.a(ManagedString.cpp.o) (RefCounted::init())
ym/microbit-dal/source/microbit-dal.a(MicroBitAccelerometer.cpp.o)
                              ym/microbit/source/microbit.a(MicroBit.cpp.o) (MicroBitAccelerometer::autoDetect(MicroBitI2C&))
ym/microbit-dal/source/microbit-dal.a(MicroBitButton.cpp.o)
                              source/CMakeFiles/MicrobitDraw.dir/home/hettysymes/Microbit/MicrobitDraw/source/main.cpp.o (MicroBitButton::~MicroBitButton())
ym/microbit-dal/source/microbit-dal.a(MicroBitCompass.cpp.o)
                              ym/microbit/source/microbit.a(MicroBit.cpp.o) (MicroBitCompass::autoDetect(MicroBitI2C&))
ym/microbit-dal/source/microbit-dal.a(MicroBitCompassCalibrator.cpp.o)
                              ym/microbit/source/microbit.a(MicroBit.cpp.o) (MicroBitCompassCalibrator::MicroBitCompassCalibrator(MicroBitCompass&, MicroBitAccelerometer&, MicroBitDisplay&, MicroBitStorage&))
ym/microbit-dal/source/microbit-dal.a(MicroBitDisplay.cpp.o)
                              source/CMakeFiles/MicrobitDraw.dir/home/hettysymes/Microbit/MicrobitDraw/source/main.cpp.o (MicroBitDisplay::~MicroBitDisplay())
ym/microbit-dal/source/microbit-dal.a(MicroBitI2C.cpp.o)
                              ym/microbit/source/microbit.a(MicroBit.cpp.o) (MicroBitI2C::MicroBitI2C(PinName, PinName))
ym/microbit-dal/source/microbit-dal.a(MicroBitIO.cpp.o)
                              ym/microbit/source/microbit.a(MicroBit.cpp.o) (MicroBitIO::MicroBitIO(int, int, int, int, int, int, int, int, int, int, int, int, int, int, int, int, int, int, int))
ym/microbit-dal/source/microbit-dal.a(MicroBitLightSensor.cpp.o)
                              ym/microbit-dal/source/microbit-dal.a(MicroBitDisplay.cpp.o) (MicroBitLightSensor::read())
ym/microbit-dal/source/microbit-dal.a(MicroBitMessageBus.cpp.o)
                              ym/microbit/source/microbit.a(MicroBit.cpp.o) (MicroBitMessageBus::add(MicroBitListener*))
ym/microbit-dal/source/microbit-dal.a(MicroBitMultiButton.cpp.o)
                              ym/microbit/source/microbit.a(MicroBit.cpp.o) (MicroBitMultiButton::setEventConfiguration(MicroBitButtonEventConfiguration))
ym/microbit-dal/source/microbit-dal.a(MicroBitPin.cpp.o)
                              ym/microbit-dal/source/microbit-dal.a(MicroBitAccelerometer.cpp.o) (MicroBitPin::MicroBitPin(int, PinName, PinCapability))
ym/microbit-dal/source/microbit-dal.a(MicroBitRadio.cpp.o)
                              ym/microbit/source/microbit.a(MicroBit.cpp.o) (MicroBitRadio::MicroBitRadio(unsigned short))
ym/microbit-dal/source/microbit-dal.a(MicroBitRadioDatagram.cpp.o)
[...]
Memory Configuration

Name             Origin             Length             Attributes
FLASH            0x0000000000018000 0x0000000000028000 xr
RAM              0x0000000020002000 0x0000000000002000 xrw
*default*        0x0000000000000000 0xffffffffffffffff

Linker script and memory map

LOAD /usr/lib/gcc/arm-none-eabi/9.2.1/thumb/v6-m/nofp/crti.o
LOAD /usr/lib/gcc/arm-none-eabi/9.2.1/thumb/v6-m/nofp/crtbegin.o
LOAD /usr/lib/gcc/arm-none-eabi/9.2.1/../../../arm-none-eabi/lib/thumb/v6-m/nofp/crt0.o
START GROUP
LOAD source/CMakeFiles/MicrobitDraw.dir/home/hettysymes/Microbit/MicrobitDraw/source/main.cpp.o
LOAD ym/microbit/source/microbit.a
LOAD ym/microbit-dal/source/microbit-dal.a
LOAD ym/ble/source/ble.a
LOAD ym/ble-nrf51822/source/ble-nrf51822.a
LOAD ym/ble/source/ble.a
LOAD ym/ble-nrf51822/source/ble-nrf51822.a
LOAD ym/nrf51-sdk/source/nrf51-sdk.a
LOAD /home/hettysymes/Microbit/MicrobitDraw/build/bbc-microbit-classic-gcc/ym/mbed-classic/existing/mbed-classic.a
LOAD /usr/lib/gcc/arm-none-eabi/9.2.1/../../../arm-none-eabi/lib/thumb/v6-m/nofp/libnosys.a
LOAD /usr/lib/gcc/arm-none-eabi/9.2.1/../../../arm-none-eabi/lib/thumb/v6-m/nofp/libstdc++_nano.a
LOAD /usr/lib/gcc/arm-none-eabi/9.2.1/../../../arm-none-eabi/lib/thumb/v6-m/nofp/libsupc++_nano.a
LOAD /usr/lib/gcc/arm-none-eabi/9.2.1/thumb/v6-m/nofp/libgcc.a
LOAD /usr/lib/gcc/arm-none-eabi/9.2.1/../../../arm-none-eabi/lib/thumb/v6-m/nofp/libstdc++_nano.a
LOAD /usr/lib/gcc/arm-none-eabi/9.2.1/../../../arm-none-eabi/lib/thumb/v6-m/nofp/libsupc++_nano.a
LOAD /usr/lib/gcc/arm-none-eabi/9.2.1/../../../arm-none-eabi/lib/thumb/v6-m/nofp/libm.a
LOAD /usr/lib/gcc/arm-none-eabi/9.2.1/../../../arm-none-eabi/lib/thumb/v6-m/nofp/libc_nano.a
LOAD /usr/lib/gcc/arm-none-eabi/9.2.1/thumb/v6-m/nofp/libgcc.a
END GROUP
LOAD /usr/lib/gcc/arm-none-eabi/9.2.1/../../../arm-none-eabi/lib/thumb/v6-m/nofp/libstdc++_nano.a
LOAD /usr/lib/gcc/arm-none-eabi/9.2.1/../../../arm-none-eabi/lib/thumb/v6-m/nofp/libm.a
LOAD /usr/lib/gcc/arm-none-eabi/9.2.1/../../../arm-none-eabi/lib/thumb/v6-m/nofp/libc_nano.a
START GROUP
LOAD /usr/lib/gcc/arm-none-eabi/9.2.1/thumb/v6-m/nofp/libgcc.a
LOAD /usr/lib/gcc/arm-none-eabi/9.2.1/../../../arm-none-eabi/lib/thumb/v6-m/nofp/libc_nano.a
END GROUP
START GROUP
LOAD /usr/lib/gcc/arm-none-eabi/9.2.1/thumb/v6-m/nofp/libgcc.a
LOAD /usr/lib/gcc/arm-none-eabi/9.2.1/../../../arm-none-eabi/lib/thumb/v6-m/nofp/libc_nano.a
END GROUP
LOAD /usr/lib/gcc/arm-none-eabi/9.2.1/thumb/v6-m/nofp/crtend.o
LOAD /usr/lib/gcc/arm-none-eabi/9.2.1/thumb/v6-m/nofp/crtn.o

.text           0x0000000000018000     0xfa48
 *(SORT_BY_ALIGNMENT(.Vectors))
 .Vectors       0x0000000000018000       0xc0 /home/hettysymes/Microbit/MicrobitDraw/build/bbc-microbit-classic-gcc/ym/mbed-classic/existing/mbed-classic.a(startup_NRF51822.S.obj)
                0x0000000000018000                __Vectors
 *(SORT_BY_ALIGNMENT(.text*))
 .text          0x00000000000180c0       0x98 /usr/lib/gcc/arm-none-eabi/9.2.1/thumb/v6-m/nofp/crtbegin.o
 .text          0x0000000000018158       0x74 /usr/lib/gcc/arm-none-eabi/9.2.1/../../../arm-none-eabi/lib/thumb/v6-m/nofp/crt0.o
                0x0000000000018158                _stack_init
                0x0000000000018164                _mainCRTStartup
                0x0000000000018164                _start
 .text._Z17buttonAClickEvent13MicroBitEvent
                0x00000000000181cc       0x10 source/CMakeFiles/MicrobitDraw.dir/home/hettysymes/Microbit/MicrobitDraw/source/main.cpp.o
                0x00000000000181cc                buttonAClickEvent(MicroBitEvent)
 .text._ZN14MicroBitSerialD2Ev
                0x00000000000181dc       0x18 source/CMakeFiles/MicrobitDraw.dir/home/hettysymes/Microbit/MicrobitDraw/source/main.cpp.o
                0x00000000000181dc                MicroBitSerial::~MicroBitSerial()
                0x00000000000181dc                MicroBitSerial::~MicroBitSerial()
 .text._ZN10EventModel6listenEiiPFv13MicroBitEventEt
                0x00000000000181f4       0x5c source/CMakeFiles/MicrobitDraw.dir/home/hettysymes/Microbit/MicrobitDraw/source/main.cpp.o
                0x00000000000181f4                EventModel::listen(int, int, void (*)(MicroBitEvent), unsigned short)
 .text._Z7readRegh
                0x0000000000018250       0x3c source/CMakeFiles/MicrobitDraw.dir/home/hettysymes/Microbit/MicrobitDraw/source/main.cpp.o
                0x0000000000018250                readReg(unsigned char)
 .text._Z18updateDisplayLightv
                0x000000000001828c       0x20 source/CMakeFiles/MicrobitDraw.dir/home/hettysymes/Microbit/MicrobitDraw/source/main.cpp.o
                0x000000000001828c                updateDisplayLight()
 .text._Z17buttonBClickEvent13MicroBitEvent
                0x00000000000182ac       0x18 source/CMakeFiles/MicrobitDraw.dir/home/hettysymes/Microbit/MicrobitDraw/source/main.cpp.o
                0x00000000000182ac                buttonBClickEvent(MicroBitEvent)
 .text._Z12setUpButtonsv
                0x00000000000182c4       0x48 source/CMakeFiles/MicrobitDraw.dir/home/hettysymes/Microbit/MicrobitDraw/source/main.cpp.o
                0x00000000000182c4                setUpButtons()
 .text.startup.main
                0x000000000001830c       0x64 source/CMakeFiles/MicrobitDraw.dir/home/hettysymes/Microbit/MicrobitDraw/source/main.cpp.o
                0x000000000001830c                main
 .text.startup._GLOBAL__sub_I_uBit
                0x0000000000018370       0x24 source/CMakeFiles/MicrobitDraw.dir/home/hettysymes/Microbit/MicrobitDraw/source/main.cpp.o
 .text._ZN8MicroBitD2Ev
                0x0000000000018394       0x58 source/CMakeFiles/MicrobitDraw.dir/home/hettysymes/Microbit/MicrobitDraw/source/main.cpp.o
                0x0000000000018394                MicroBit::~MicroBit()
                0x0000000000018394                MicroBit::~MicroBit()
 .text._ZN8MicroBitC2Ev
                0x00000000000183ec      0x170 ym/microbit/source/microbit.a(MicroBit.cpp.o)
                0x00000000000183ec                MicroBit::MicroBit()
                0x00000000000183ec                MicroBit::MicroBit()
 .text._ZN8MicroBit4initEv
                0x000000000001855c      0x214 ym/microbit/source/microbit.a(MicroBit.cpp.o)
                0x000000000001855c                MicroBit::init()
 .text.NVIC_SystemReset
                0x0000000000018770       0x18 ym/microbit-dal/source/microbit-dal.a(MicroBitDevice.cpp.o)
 .text._Z22microbit_friendly_namev
                0x0000000000018788       0x6c ym/microbit-dal/source/microbit-dal.a(MicroBitDevice.cpp.o)
                0x0000000000018788                microbit_friendly_name()
 .text._Z14microbit_panici
                0x00000000000187f4      0x154 ym/microbit-dal/source/microbit-dal.a(MicroBitDevice.cpp.o)
                0x00000000000187f4                microbit_panic(int)
 .text._Z20microbit_seed_randomv
                0x0000000000018948       0x60 ym/microbit-dal/source/microbit-dal.a(MicroBitDevice.cpp.o)
                0x0000000000018948                microbit_seed_random()
 .text._Z14scheduler_tickv
                0x00000000000189a8       0x38 ym/microbit-dal/source/microbit-dal.a(MicroBitFiber.cpp.o)
                0x00000000000189a8                scheduler_tick()
 .text._Z15scheduler_event13MicroBitEvent
                0x00000000000189e0       0xcc ym/microbit-dal/source/microbit-dal.a(MicroBitFiber.cpp.o)
                0x00000000000189e0                scheduler_event(MicroBitEvent)
 .text._Z15getFiberContextv
                0x0000000000018aac       0x4c ym/microbit-dal/source/microbit-dal.a(MicroBitFiber.cpp.o)
                0x0000000000018aac                getFiberContext()
 .text._ZL10handle_fobv
                0x0000000000018af8       0x28 ym/microbit-dal/source/microbit-dal.a(MicroBitFiber.cpp.o)
 .text._Z14scheduler_initR10EventModel
                0x0000000000018b20       0xac ym/microbit-dal/source/microbit-dal.a(MicroBitFiber.cpp.o)
                0x0000000000018b20                scheduler_init(EventModel&)
 .text._Z23fiber_scheduler_runningv
                0x0000000000018bcc       0x10 ym/microbit-dal/source/microbit-dal.a(MicroBitFiber.cpp.o)
                0x0000000000018bcc                fiber_scheduler_running()
 .text._Z19fiber_wake_on_eventtt
                0x0000000000018bdc       0x68 ym/microbit-dal/source/microbit-dal.a(MicroBitFiber.cpp.o)
                0x0000000000018bdc                fiber_wake_on_event(unsigned short, unsigned short)
 .text._Z14__create_fibermmmi
                0x0000000000018c44       0x50 ym/microbit-dal/source/microbit-dal.a(MicroBitFiber.cpp.o)
                0x0000000000018c44                __create_fiber(unsigned long, unsigned long, unsigned long, int)
 .text._Z12create_fiberPFvPvES_S1_
                0x0000000000018c94       0x24 ym/microbit-dal/source/microbit-dal.a(MicroBitFiber.cpp.o)
                0x0000000000018c94                create_fiber(void (*)(void*), void*, void (*)(void*))
 .text._Z17verify_stack_sizeP5Fiber
                0x0000000000018cb8       0x3c ym/microbit-dal/source/microbit-dal.a(MicroBitFiber.cpp.o)
                0x0000000000018cb8                verify_stack_size(Fiber*)
 .text._Z24scheduler_runqueue_emptyv
                0x0000000000018cf4       0x10 ym/microbit-dal/source/microbit-dal.a(MicroBitFiber.cpp.o)
                0x0000000000018cf4                scheduler_runqueue_empty()
 .text._Z24fiber_add_idle_componentP17MicroBitComponent
                0x0000000000018d04       0x1c ym/microbit-dal/source/microbit-dal.a(MicroBitFiber.cpp.o)
                0x0000000000018d04                fiber_add_idle_component(MicroBitComponent*)
 .text._Z27fiber_remove_idle_componentP17MicroBitComponent
                0x0000000000018d20       0x1c ym/microbit-dal/source/microbit-dal.a(MicroBitFiber.cpp.o)
                0x0000000000018d20                fiber_remove_idle_component(MicroBitComponent*)
 .text._Z4idlev
                0x0000000000018d3c       0x30 ym/microbit-dal/source/microbit-dal.a(MicroBitFiber.cpp.o)
                0x0000000000018d3c                idle()
 .text._Z8schedulev
                0x0000000000018d6c       0xd4 ym/microbit-dal/source/microbit-dal.a(MicroBitFiber.cpp.o)
                0x0000000000018d6c                schedule()
 .text._Z11fiber_sleepm
                0x0000000000018e40       0x3c ym/microbit-dal/source/microbit-dal.a(MicroBitFiber.cpp.o)
                0x0000000000018e40                fiber_sleep(unsigned long)
 .text._Z13release_fiberv
                0x0000000000018e7c       0x80 ym/microbit-dal/source/microbit-dal.a(MicroBitFiber.cpp.o)
                0x0000000000018e7c                release_fiber()
 .text._Z13release_fiberPv
                0x0000000000018efc       0x14 ym/microbit-dal/source/microbit-dal.a(MicroBitFiber.cpp.o)
                0x0000000000018efc                release_fiber(void*)
 .text._Z6invokePFvPvES_
                0x0000000000018f10       0x90 ym/microbit-dal/source/microbit-dal.a(MicroBitFiber.cpp.o)
                0x0000000000018f10                invoke(void (*)(void*), void*)
 .text._ZN12MicroBitFont13getSystemFontEv
                0x0000000000018fa0       0x10 ym/microbit-dal/source/microbit-dal.a(MicroBitFont.cpp.o)
                0x0000000000018fa0                MicroBitFont::getSystemFont()
 .text.startup._GLOBAL__sub_I__ZN12MicroBitFont11defaultFontE
                0x0000000000018fb0       0x18 ym/microbit-dal/source/microbit-dal.a(MicroBitFont.cpp.o)
 .text._Z20microbit_create_heapmm
                0x0000000000018fc8       0x5c ym/microbit-dal/source/microbit-dal.a(MicroBitHeapAllocator.cpp.o)
                0x0000000000018fc8                microbit_create_heap(unsigned long, unsigned long)
 .text.microbit_alloc
                0x0000000000019024       0x68 ym/microbit-dal/source/microbit-dal.a(MicroBitHeapAllocator.cpp.o)
                0x0000000000019024                microbit_alloc
                0x0000000000019024                malloc
 .text.microbit_free
                0x000000000001908c       0x50 ym/microbit-dal/source/microbit-dal.a(MicroBitHeapAllocator.cpp.o)
                0x000000000001908c                microbit_free
                0x000000000001908c                free
 .text._Z23system_timer_set_periodi
                0x00000000000190dc       0x44 ym/microbit-dal/source/microbit-dal.a(MicroBitSystemTimer.cpp.o)
                0x00000000000190dc                system_timer_set_period(int)
 .text._Z17system_timer_initi
                0x0000000000019120       0x54 ym/microbit-dal/source/microbit-dal.a(MicroBitSystemTimer.cpp.o)
                0x0000000000019120                system_timer_init(int)
 .text._Z23system_timer_get_periodv
                0x0000000000019174        0xc ym/microbit-dal/source/microbit-dal.a(MicroBitSystemTimer.cpp.o)
                0x0000000000019174                system_timer_get_period()
 .text._Z11update_timev
                0x0000000000019180       0x44 ym/microbit-dal/source/microbit-dal.a(MicroBitSystemTimer.cpp.o)
                0x0000000000019180                update_time()
 .text._Z17system_timer_tickv
                0x00000000000191c4       0x24 ym/microbit-dal/source/microbit-dal.a(MicroBitSystemTimer.cpp.o)
                0x00000000000191c4                system_timer_tick()
 .text._Z25system_timer_current_timev
                0x00000000000191e8       0x1c ym/microbit-dal/source/microbit-dal.a(MicroBitSystemTimer.cpp.o)
                0x00000000000191e8                system_timer_current_time()
 .text._Z28system_timer_current_time_usv
                0x0000000000019204       0x14 ym/microbit-dal/source/microbit-dal.a(MicroBitSystemTimer.cpp.o)
                0x0000000000019204                system_timer_current_time_us()
 .text._Z26system_timer_add_componentP17MicroBitComponent
                0x0000000000019218       0x3c ym/microbit-dal/source/microbit-dal.a(MicroBitSystemTimer.cpp.o)
                0x0000000000019218                system_timer_add_component(MicroBitComponent*)
 .text._Z29system_timer_remove_componentP17MicroBitComponent
                0x0000000000019254       0x1c ym/microbit-dal/source/microbit-dal.a(MicroBitSystemTimer.cpp.o)
                0x0000000000019254                system_timer_remove_component(MicroBitComponent*)
 .text._ZN13ManagedStringC2EPKc
                0x0000000000019270       0x20 ym/microbit-dal/source/microbit-dal.a(ManagedString.cpp.o)
                0x0000000000019270                ManagedString::ManagedString(char const*)
                0x0000000000019270                ManagedString::ManagedString(char const*)
 .text._ZN13ManagedStringC2EPKcs
                0x0000000000019290       0x54 ym/microbit-dal/source/microbit-dal.a(ManagedString.cpp.o)
                0x0000000000019290                ManagedString::ManagedString(char const*, short)
                0x0000000000019290                ManagedString::ManagedString(char const*, short)
 .text._ZN13ManagedStringC2Ev
                0x00000000000192e4        0xc ym/microbit-dal/source/microbit-dal.a(ManagedString.cpp.o)
                0x00000000000192e4                ManagedString::ManagedString()
                0x00000000000192e4                ManagedString::ManagedString()
 .text.startup._GLOBAL__sub_I__ZN13ManagedString9initEmptyEv
                0x00000000000192f0       0x28 ym/microbit-dal/source/microbit-dal.a(ManagedString.cpp.o)
 .text._ZN13MicroBitEvent4fireEv
                0x0000000000019318       0x28 ym/microbit-dal/source/microbit-dal.a(MicroBitEvent.cpp.o)
                0x0000000000019318                MicroBitEvent::fire()
 .text._ZN13MicroBitImageC2Ev
                0x0000000000019340        0xc ym/microbit-dal/source/microbit-dal.a(MicroBitImage.cpp.o)
                0x0000000000019340                MicroBitImage::MicroBitImage()
                0x0000000000019340                MicroBitImage::MicroBitImage()
 .text._ZN13MicroBitImageC2EP9ImageData
                0x000000000001934c       0x1c ym/microbit-dal/source/microbit-dal.a(MicroBitImage.cpp.o)
                0x000000000001934c                MicroBitImage::MicroBitImage(ImageData*)
                0x000000000001934c                MicroBitImage::MicroBitImage(ImageData*)
 .text._ZN13MicroBitImage13setPixelValueEssh
                0x0000000000019368       0x2c ym/microbit-dal/source/microbit-dal.a(MicroBitImage.cpp.o)
                0x0000000000019368                MicroBitImage::setPixelValue(short, short, unsigned char)
 .text._ZN13MicroBitImage10printImageEssPKh
                0x0000000000019394       0x60 ym/microbit-dal/source/microbit-dal.a(MicroBitImage.cpp.o)
                0x0000000000019394                MicroBitImage::printImage(short, short, unsigned char const*)
 .text._ZN13MicroBitImage4initEssPKh
                0x00000000000193f4       0x4c ym/microbit-dal/source/microbit-dal.a(MicroBitImage.cpp.o)
                0x00000000000193f4                MicroBitImage::init(short, short, unsigned char const*)
 .text._ZN13MicroBitImageC2EPKc
                0x0000000000019440       0xa0 ym/microbit-dal/source/microbit-dal.a(MicroBitImage.cpp.o)
                0x0000000000019440                MicroBitImage::MicroBitImage(char const*)
                0x0000000000019440                MicroBitImage::MicroBitImage(char const*)
 .text._ZN13MicroBitImage5printEcss
                0x00000000000194e0       0x90 ym/microbit-dal/source/microbit-dal.a(MicroBitImage.cpp.o)
                0x00000000000194e0                MicroBitImage::print(char, short, short)
 .text._ZN13MicroBitImage9shiftLeftEs
                0x0000000000019570       0x50 ym/microbit-dal/source/microbit-dal.a(MicroBitImage.cpp.o)
                0x0000000000019570                MicroBitImage::shiftLeft(short)
 .text.startup._GLOBAL__sub_I__ZN13MicroBitImage10EmptyImageE
                0x00000000000195c0       0x28 ym/microbit-dal/source/microbit-dal.a(MicroBitImage.cpp.o)
 .text.startup._GLOBAL__sub_I__ZN12PacketBuffer11EmptyPacketE
                0x00000000000195e8       0x24 ym/microbit-dal/source/microbit-dal.a(PacketBuffer.cpp.o)
 .text._ZL16isReadOnlyInlineP10RefCounted.isra.0
                0x000000000001960c       0x24 ym/microbit-dal/source/microbit-dal.a(RefCounted.cpp.o)
 .text._ZN21MicroBitAccelerometer9configureEv
                0x0000000000019630        0x8 ym/microbit-dal/source/microbit-dal.a(MicroBitAccelerometer.cpp.o)
                0x0000000000019630                MicroBitAccelerometer::configure()
 .text._ZN21MicroBitAccelerometer13requestUpdateEv
                0x0000000000019638       0x10 ym/microbit-dal/source/microbit-dal.a(MicroBitAccelerometer.cpp.o)
                0x0000000000019638                MicroBitAccelerometer::requestUpdate()
 .text._ZN21MicroBitAccelerometerC2ER15CoordinateSpacet
                0x0000000000019648       0x50 ym/microbit-dal/source/microbit-dal.a(MicroBitAccelerometer.cpp.o)
                0x0000000000019648                MicroBitAccelerometer::MicroBitAccelerometer(CoordinateSpace&, unsigned short)
                0x0000000000019648                MicroBitAccelerometer::MicroBitAccelerometer(CoordinateSpace&, unsigned short)
 .text._ZN21MicroBitAccelerometer10autoDetectER11MicroBitI2C
                0x0000000000019698      0x168 ym/microbit-dal/source/microbit-dal.a(MicroBitAccelerometer.cpp.o)
                0x0000000000019698                MicroBitAccelerometer::autoDetect(MicroBitI2C&)
 .text._ZN21MicroBitAccelerometer20instantaneousPostureEv
                0x0000000000019800      0x19c ym/microbit-dal/source/microbit-dal.a(MicroBitAccelerometer.cpp.o)
                0x0000000000019800                MicroBitAccelerometer::instantaneousPosture()
 .text._ZN14MicroBitButton10systemTickEv
                0x000000000001999c       0xd8 ym/microbit-dal/source/microbit-dal.a(MicroBitButton.cpp.o)
                0x000000000001999c                MicroBitButton::systemTick()
 .text._ZN14MicroBitButtonD2Ev
                0x0000000000019a74       0x18 ym/microbit-dal/source/microbit-dal.a(MicroBitButton.cpp.o)
                0x0000000000019a74                MicroBitButton::~MicroBitButton()
                0x0000000000019a74                MicroBitButton::~MicroBitButton()
 .text._ZN14MicroBitButtonC2E7PinNamet32MicroBitButtonEventConfiguration7PinMode
                0x0000000000019a8c       0x58 ym/microbit-dal/source/microbit-dal.a(MicroBitButton.cpp.o)
                0x0000000000019a8c                MicroBitButton::MicroBitButton(PinName, unsigned short, MicroBitButtonEventConfiguration, PinMode)
                0x0000000000019a8c                MicroBitButton::MicroBitButton(PinName, unsigned short, MicroBitButtonEventConfiguration, PinMode)
 .text._ZN15MicroBitCompass9configureEv
                0x0000000000019ae4        0x8 ym/microbit-dal/source/microbit-dal.a(MicroBitCompass.cpp.o)
                0x0000000000019ae4                MicroBitCompass::configure()
 .text._ZN15MicroBitCompass13requestUpdateEv
                0x0000000000019aec       0x10 ym/microbit-dal/source/microbit-dal.a(MicroBitCompass.cpp.o)
                0x0000000000019aec                MicroBitCompass::requestUpdate()
 .text._ZN15MicroBitCompassC2ER15CoordinateSpacet
                0x0000000000019afc       0x44 ym/microbit-dal/source/microbit-dal.a(MicroBitCompass.cpp.o)
                0x0000000000019afc                MicroBitCompass::MicroBitCompass(CoordinateSpace&, unsigned short)
                0x0000000000019afc                MicroBitCompass::MicroBitCompass(CoordinateSpace&, unsigned short)
 .text._ZN15MicroBitCompass10autoDetectER11MicroBitI2C
                0x0000000000019b40      0x160 ym/microbit-dal/source/microbit-dal.a(MicroBitCompass.cpp.o)
                0x0000000000019b40                MicroBitCompass::autoDetect(MicroBitI2C&)
 .text._ZN25MicroBitCompassCalibrator11calibrateUXE13MicroBitEvent
                0x0000000000019ca0      0x2a0 ym/microbit-dal/source/microbit-dal.a(MicroBitCompassCalibrator.cpp.o)
                0x0000000000019ca0                MicroBitCompassCalibrator::calibrateUX(MicroBitEvent)
 .text._ZN10EventModel6listenI25MicroBitCompassCalibratorEEittPT_MS2_Fv13MicroBitEventEt
                0x0000000000019f40       0xb0 ym/microbit-dal/source/microbit-dal.a(MicroBitCompassCalibrator.cpp.o)
                0x0000000000019f40                int EventModel::listen<MicroBitCompassCalibrator>(unsigned short, unsigned short, MicroBitCompassCalibrator*, void (MicroBitCompassCalibrator::*)(MicroBitEvent), unsigned short)
 .text._ZN25MicroBitCompassCalibratorC2ER15MicroBitCompassR21MicroBitAccelerometerR15MicroBitDisplayR15MicroBitStorage
                0x0000000000019ff0       0x80 ym/microbit-dal/source/microbit-dal.a(MicroBitCompassCalibrator.cpp.o)
                0x0000000000019ff0                MicroBitCompassCalibrator::MicroBitCompassCalibrator(MicroBitCompass&, MicroBitAccelerometer&, MicroBitDisplay&, MicroBitStorage&)
                0x0000000000019ff0                MicroBitCompassCalibrator::MicroBitCompassCalibrator(MicroBitCompass&, MicroBitAccelerometer&, MicroBitDisplay&, MicroBitStorage&)
 .text._ZN15MicroBitDisplay15renderGreyscaleEv
                0x000000000001a070       0xfc ym/microbit-dal/source/microbit-dal.a(MicroBitDisplay.cpp.o)
                0x000000000001a070                MicroBitDisplay::renderGreyscale()
 .text._ZN15MicroBitDisplayD2Ev
                0x000000000001a16c       0x50 ym/microbit-dal/source/microbit-dal.a(MicroBitDisplay.cpp.o)
                0x000000000001a16c                MicroBitDisplay::~MicroBitDisplay()
                0x000000000001a16c                MicroBitDisplay::~MicroBitDisplay()
 .text._ZN15MicroBitDisplayC2EtRK9MatrixMap
                0x000000000001a1bc       0xd8 ym/microbit-dal/source/microbit-dal.a(MicroBitDisplay.cpp.o)
                0x000000000001a1bc                MicroBitDisplay::MicroBitDisplay(unsigned short, MatrixMap const&)
                0x000000000001a1bc                MicroBitDisplay::MicroBitDisplay(unsigned short, MatrixMap const&)
 .text._ZN15MicroBitDisplay6renderEv
                0x000000000001a294       0xf4 ym/microbit-dal/source/microbit-dal.a(MicroBitDisplay.cpp.o)
                0x000000000001a294                MicroBitDisplay::render()
 .text._ZN15MicroBitDisplay26sendAnimationCompleteEventEv
                0x000000000001a388       0x24 ym/microbit-dal/source/microbit-dal.a(MicroBitDisplay.cpp.o)
                0x000000000001a388                MicroBitDisplay::sendAnimationCompleteEvent()
 .text._ZN15MicroBitDisplay13stopAnimationEv
                0x000000000001a3ac       0x38 ym/microbit-dal/source/microbit-dal.a(MicroBitDisplay.cpp.o)
                0x000000000001a3ac                MicroBitDisplay::stopAnimation()
 .text._ZN15MicroBitDisplay18waitForFreeDisplayEv
                0x000000000001a3e4       0x24 ym/microbit-dal/source/microbit-dal.a(MicroBitDisplay.cpp.o)
                0x000000000001a3e4                MicroBitDisplay::waitForFreeDisplay()
 .text._ZN15MicroBitDisplay9fiberWaitEv
                0x000000000001a408       0x2c ym/microbit-dal/source/microbit-dal.a(MicroBitDisplay.cpp.o)
                0x000000000001a408                MicroBitDisplay::fiberWait()
 .text._ZN15MicroBitDisplay10printAsyncE13MicroBitImageiiii
                0x000000000001a434       0x54 ym/microbit-dal/source/microbit-dal.a(MicroBitDisplay.cpp.o)
                0x000000000001a434                MicroBitDisplay::printAsync(MicroBitImage, int, int, int, int)
 .text._ZN15MicroBitDisplay5printE13MicroBitImageiiii
                0x000000000001a488       0x68 ym/microbit-dal/source/microbit-dal.a(MicroBitDisplay.cpp.o)
                0x000000000001a488                MicroBitDisplay::print(MicroBitImage, int, int, int, int)
 .text._ZN15MicroBitDisplay11scrollAsyncE13ManagedStringi
                0x000000000001a4f0       0x54 ym/microbit-dal/source/microbit-dal.a(MicroBitDisplay.cpp.o)
                0x000000000001a4f0                MicroBitDisplay::scrollAsync(ManagedString, int)
 .text._ZN15MicroBitDisplay12animateAsyncE13MicroBitImageiiii
                0x000000000001a544       0x74 ym/microbit-dal/source/microbit-dal.a(MicroBitDisplay.cpp.o)
                0x000000000001a544                MicroBitDisplay::animateAsync(MicroBitImage, int, int, int, int)
 .text._ZN15MicroBitDisplay7animateE13MicroBitImageiiii
                0x000000000001a5b8       0x60 ym/microbit-dal/source/microbit-dal.a(MicroBitDisplay.cpp.o)
                0x000000000001a5b8                MicroBitDisplay::animate(MicroBitImage, int, int, int, int)
 .text._ZN15MicroBitDisplay13setBrightnessEi
                0x000000000001a618       0x14 ym/microbit-dal/source/microbit-dal.a(MicroBitDisplay.cpp.o)
                0x000000000001a618                MicroBitDisplay::setBrightness(int)
 .text._ZN11MicroBitI2C4readEiPcib
                0x000000000001a62c       0x20 ym/microbit-dal/source/microbit-dal.a(MicroBitI2C.cpp.o)
                0x000000000001a62c                MicroBitI2C::read(int, char*, int, bool)
 .text._ZN11MicroBitI2C5writeEiPKcib
                0x000000000001a64c       0x20 ym/microbit-dal/source/microbit-dal.a(MicroBitI2C.cpp.o)
                0x000000000001a64c                MicroBitI2C::write(int, char const*, int, bool)
 .text._ZN11MicroBitI2C12readRegisterEhhPhi
                0x000000000001a66c       0x4c ym/microbit-dal/source/microbit-dal.a(MicroBitI2C.cpp.o)
                0x000000000001a66c                MicroBitI2C::readRegister(unsigned char, unsigned char, unsigned char*, int)
 .text._ZN19MicroBitLightSensor11analogReadyEv
                0x000000000001a6b8       0x50 ym/microbit-dal/source/microbit-dal.a(MicroBitLightSensor.cpp.o)
                0x000000000001a6b8                MicroBitLightSensor::analogReady()
 .text._ZN19MicroBitLightSensor12startSensingE13MicroBitEvent
                0x000000000001a708       0xa0 ym/microbit-dal/source/microbit-dal.a(MicroBitLightSensor.cpp.o)
                0x000000000001a708                MicroBitLightSensor::startSensing(MicroBitEvent)
 .text._ZN16MicroBitListenerC2I19MicroBitLightSensorEEttPT_MS2_Fv13MicroBitEventEt
                0x000000000001a7a8       0x70 ym/microbit-dal/source/microbit-dal.a(MicroBitLightSensor.cpp.o)
                0x000000000001a7a8                MicroBitListener::MicroBitListener<MicroBitLightSensor>(unsigned short, unsigned short, MicroBitLightSensor*, void (MicroBitLightSensor::*)(MicroBitEvent), unsigned short)
                0x000000000001a7a8                MicroBitListener::MicroBitListener<MicroBitLightSensor>(unsigned short, unsigned short, MicroBitLightSensor*, void (MicroBitLightSensor::*)(MicroBitEvent), unsigned short)
 .text._ZN19MicroBitLightSensorD2Ev
                0x000000000001a818       0x64 ym/microbit-dal/source/microbit-dal.a(MicroBitLightSensor.cpp.o)
                0x000000000001a818                MicroBitLightSensor::~MicroBitLightSensor()
                0x000000000001a818                MicroBitLightSensor::~MicroBitLightSensor()
 .text._ZN18MicroBitMessageBus6removeEP16MicroBitListener
                0x000000000001a87c       0x94 ym/microbit-dal/source/microbit-dal.a(MicroBitMessageBus.cpp.o)
                0x000000000001a87c                MicroBitMessageBus::remove(MicroBitListener*)
 .text._ZN18MicroBitMessageBus3addEP16MicroBitListener
                0x000000000001a910       0xd8 ym/microbit-dal/source/microbit-dal.a(MicroBitMessageBus.cpp.o)
                0x000000000001a910                MicroBitMessageBus::add(MicroBitListener*)
 .text._ZN18MicroBitMessageBusD2Ev
                0x000000000001a9e8       0x20 ym/microbit-dal/source/microbit-dal.a(MicroBitMessageBus.cpp.o)
                0x000000000001a9e8                MicroBitMessageBus::~MicroBitMessageBus()
                0x000000000001a9e8                MicroBitMessageBus::~MicroBitMessageBus()
 .text._ZThn8_N18MicroBitMessageBusD1Ev
                0x000000000001aa08       0x10 ym/microbit-dal/source/microbit-dal.a(MicroBitMessageBus.cpp.o)
                0x000000000001aa08                non-virtual thunk to MicroBitMessageBus::~MicroBitMessageBus()
 .text._ZThn8_N18MicroBitMessageBusD0Ev
                0x000000000001aa18       0x10 ym/microbit-dal/source/microbit-dal.a(MicroBitMessageBus.cpp.o)
                0x000000000001aa18                non-virtual thunk to MicroBitMessageBus::~MicroBitMessageBus()
 .text._ZN18MicroBitMessageBusC2Ev
                0x000000000001aa28       0x3c ym/microbit-dal/source/microbit-dal.a(MicroBitMessageBus.cpp.o)
                0x000000000001aa28                MicroBitMessageBus::MicroBitMessageBus()
                0x000000000001aa28                MicroBitMessageBus::MicroBitMessageBus()
 .text._ZN18MicroBitMessageBus7processE13MicroBitEventb
                0x000000000001aa64       0x98 ym/microbit-dal/source/microbit-dal.a(MicroBitMessageBus.cpp.o)
                0x000000000001aa64                MicroBitMessageBus::process(MicroBitEvent, bool)
 .text._ZThn8_N18MicroBitMessageBus8idleTickEv
                0x000000000001aafc       0x10 ym/microbit-dal/source/microbit-dal.a(MicroBitMessageBus.cpp.o)
                0x000000000001aafc                non-virtual thunk to MicroBitMessageBus::idleTick()
 .text.startup._GLOBAL__sub_I__ZN18MicroBitMessageBusC2Ev
                0x000000000001ab0c       0x10 ym/microbit-dal/source/microbit-dal.a(MicroBitMessageBus.cpp.o)
 .text._ZN10EventModel6listenI19MicroBitMultiButtonEEittPT_MS2_Fv13MicroBitEventEt
                0x000000000001ab1c       0xb0 ym/microbit-dal/source/microbit-dal.a(MicroBitMultiButton.cpp.o)
                0x000000000001ab1c                int EventModel::listen<MicroBitMultiButton>(unsigned short, unsigned short, MicroBitMultiButton*, void (MicroBitMultiButton::*)(MicroBitEvent), unsigned short)
 .text._ZN19MicroBitMultiButtonC2Ettt
                0x000000000001abcc       0x70 ym/microbit-dal/source/microbit-dal.a(MicroBitMultiButton.cpp.o)
                0x000000000001abcc                MicroBitMultiButton::MicroBitMultiButton(unsigned short, unsigned short, unsigned short)
                0x000000000001abcc                MicroBitMultiButton::MicroBitMultiButton(unsigned short, unsigned short, unsigned short)
 .text._ZN11MicroBitPinC2Ei7PinName13PinCapability
                0x000000000001ac3c       0x1c ym/microbit-dal/source/microbit-dal.a(MicroBitPin.cpp.o)
                0x000000000001ac3c                MicroBitPin::MicroBitPin(int, PinName, PinCapability)
                0x000000000001ac3c                MicroBitPin::MicroBitPin(int, PinName, PinCapability)
 .text._ZN11MicroBitPin10disconnectEv
                0x000000000001ac58       0x88 ym/microbit-dal/source/microbit-dal.a(MicroBitPin.cpp.o)
                0x000000000001ac58                MicroBitPin::disconnect()
 .text._ZN11MicroBitPin15getDigitalValueEv
                0x000000000001ace0       0x70 ym/microbit-dal/source/microbit-dal.a(MicroBitPin.cpp.o)
                0x000000000001ace0                MicroBitPin::getDigitalValue()
 .text._ZN11MicroBitPin7setPullE7PinMode
                0x000000000001ad50       0x2c ym/microbit-dal/source/microbit-dal.a(MicroBitPin.cpp.o)
                0x000000000001ad50                MicroBitPin::setPull(PinMode)
 .text._ZN13MicroBitRadioC2Et
                0x000000000001ad7c       0x40 ym/microbit-dal/source/microbit-dal.a(MicroBitRadio.cpp.o)
                0x000000000001ad7c                MicroBitRadio::MicroBitRadio(unsigned short)
                0x000000000001ad7c                MicroBitRadio::MicroBitRadio(unsigned short)
 .text._ZN13MicroBitRadio7setRSSIEi
                0x000000000001adbc       0x14 ym/microbit-dal/source/microbit-dal.a(MicroBitRadio.cpp.o)
                0x000000000001adbc                MicroBitRadio::setRSSI(int)
 .text._ZN13MicroBitRadio7getRSSIEv
                0x000000000001add0       0x14 ym/microbit-dal/source/microbit-dal.a(MicroBitRadio.cpp.o)
                0x000000000001add0                MicroBitRadio::getRSSI()
 .text._ZN13MicroBitRadio10queueRxBufEv
                0x000000000001ade4       0x60 ym/microbit-dal/source/microbit-dal.a(MicroBitRadio.cpp.o)
                0x000000000001ade4                MicroBitRadio::queueRxBuf()
 .text.RADIO_IRQHandler
                0x000000000001ae44       0x64 ym/microbit-dal/source/microbit-dal.a(MicroBitRadio.cpp.o)
                0x000000000001ae44                RADIO_IRQHandler
 .text._ZN13MicroBitRadio4recvEv
                0x000000000001aea8       0x28 ym/microbit-dal/source/microbit-dal.a(MicroBitRadio.cpp.o)
                0x000000000001aea8                MicroBitRadio::recv()
 .text._ZN14MicroBitSerial4baudEi
                0x000000000001aed0       0x14 ym/microbit-dal/source/microbit-dal.a(MicroBitSerial.cpp.o)
                0x000000000001aed0                MicroBitSerial::baud(int)
 .text._ZN14MicroBitSerialC2E7PinNameS0_hh
                0x000000000001aee4       0x50 ym/microbit-dal/source/microbit-dal.a(MicroBitSerial.cpp.o)
                0x000000000001aee4                MicroBitSerial::MicroBitSerial(PinName, PinName, unsigned char, unsigned char)
                0x000000000001aee4                MicroBitSerial::MicroBitSerial(PinName, PinName, unsigned char, unsigned char)
 .text._ZN15MicroBitStorage4sizeEv
                0x000000000001af34       0x60 ym/microbit-dal/source/microbit-dal.a(MicroBitStorage.cpp.o)
                0x000000000001af34                MicroBitStorage::size()
 .text._ZN15MicroBitStorage3putEPKcPhi
                0x000000000001af94      0x1ac ym/microbit-dal/source/microbit-dal.a(MicroBitStorage.cpp.o)
                0x000000000001af94                MicroBitStorage::put(char const*, unsigned char*, int)
 .text._ZN15MicroBitStorage6removeEPKc
                0x000000000001b140       0xd8 ym/microbit-dal/source/microbit-dal.a(MicroBitStorage.cpp.o)
                0x000000000001b140                MicroBitStorage::remove(char const*)
 .text._ZN19MicroBitThermometerC2ER15MicroBitStoraget
                0x000000000001b218       0x48 ym/microbit-dal/source/microbit-dal.a(MicroBitThermometer.cpp.o)
                0x000000000001b218                MicroBitThermometer::MicroBitThermometer(MicroBitStorage&, unsigned short)
                0x000000000001b218                MicroBitThermometer::MicroBitThermometer(MicroBitStorage&, unsigned short)
 .text._ZN19MicroBitThermometer12updateSampleEv
                0x000000000001b260       0x8c ym/microbit-dal/source/microbit-dal.a(MicroBitThermometer.cpp.o)
                0x000000000001b260                MicroBitThermometer::updateSample()
 .text._ZL18nvmc_event_handlerm
                0x000000000001b2ec       0x10 ym/microbit-dal/source/microbit-dal.a(MicroBitFlash.cpp.o)
 .text._ZN13MicroBitFlashC2Ev
                0x000000000001b2fc       0x24 ym/microbit-dal/source/microbit-dal.a(MicroBitFlash.cpp.o)
                0x000000000001b2fc                MicroBitFlash::MicroBitFlash()
                0x000000000001b2fc                MicroBitFlash::MicroBitFlash()
 .text._ZN13MicroBitFlash10erase_pageEPm
                0x000000000001b320       0x6c ym/microbit-dal/source/microbit-dal.a(MicroBitFlash.cpp.o)
                0x000000000001b320                MicroBitFlash::erase_page(unsigned long*)
 .text._ZN13MicroBitFlash10flash_burnEPmS0_i
                0x000000000001b38c       0x7c ym/microbit-dal/source/microbit-dal.a(MicroBitFlash.cpp.o)
                0x000000000001b38c                MicroBitFlash::flash_burn(unsigned long*, unsigned long*, int)
 .text._ZThn68_N8FXOS87008idleTickEv
                0x000000000001b408       0x10 ym/microbit-dal/source/microbit-dal.a(FXOS8700.cpp.o)
                0x000000000001b408                non-virtual thunk to FXOS8700::idleTick()
 .text._ZN8FXOS87009configureEv
                0x000000000001b418       0xe4 ym/microbit-dal/source/microbit-dal.a(FXOS8700.cpp.o)
                0x000000000001b418                FXOS8700::configure()
 .text._ZThn68_N8FXOS87009configureEv
                0x000000000001b4fc       0x10 ym/microbit-dal/source/microbit-dal.a(FXOS8700.cpp.o)
                0x000000000001b4fc                non-virtual thunk to FXOS8700::configure()
 .text._ZN8FXOS8700D2Ev
                0x000000000001b50c       0x24 ym/microbit-dal/source/microbit-dal.a(FXOS8700.cpp.o)
                0x000000000001b50c                FXOS8700::~FXOS8700()
                0x000000000001b50c                FXOS8700::~FXOS8700()
 .text._ZThn68_N8FXOS8700D1Ev
                0x000000000001b530       0x10 ym/microbit-dal/source/microbit-dal.a(FXOS8700.cpp.o)
                0x000000000001b530                non-virtual thunk to FXOS8700::~FXOS8700()
 .text._ZThn68_N8FXOS8700D0Ev
                0x000000000001b540       0x10 ym/microbit-dal/source/microbit-dal.a(FXOS8700.cpp.o)
                0x000000000001b540                non-virtual thunk to FXOS8700::~FXOS8700()
 .text._ZN8FXOS870013requestUpdateEv
                0x000000000001b550       0xcc ym/microbit-dal/source/microbit-dal.a(FXOS8700.cpp.o)
                0x000000000001b550                FXOS8700::requestUpdate()
 .text._ZThn68_N8FXOS870013requestUpdateEv
                0x000000000001b61c       0x10 ym/microbit-dal/source/microbit-dal.a(FXOS8700.cpp.o)
                0x000000000001b61c                non-virtual thunk to FXOS8700::requestUpdate()
 .text._ZN8FXOS8700C2ER11MicroBitI2C11MicroBitPinR15CoordinateSpacettt
                0x000000000001b62c       0x80 ym/microbit-dal/source/microbit-dal.a(FXOS8700.cpp.o)
                0x000000000001b62c                FXOS8700::FXOS8700(MicroBitI2C&, MicroBitPin, CoordinateSpace&, unsigned short, unsigned short, unsigned short)
                0x000000000001b62c                FXOS8700::FXOS8700(MicroBitI2C&, MicroBitPin, CoordinateSpace&, unsigned short, unsigned short, unsigned short)
 .text._ZN7MMA86539configureEv
                0x000000000001b6ac       0xb0 ym/microbit-dal/source/microbit-dal.a(MMA8653.cpp.o)
                0x000000000001b6ac                MMA8653::configure()
 .text._ZN7MMA8653D2Ev
                0x000000000001b75c       0x18 ym/microbit-dal/source/microbit-dal.a(MMA8653.cpp.o)
                0x000000000001b75c                MMA8653::~MMA8653()
                0x000000000001b75c                MMA8653::~MMA8653()
 .text._ZN7MMA865313requestUpdateEv
                0x000000000001b774       0x78 ym/microbit-dal/source/microbit-dal.a(MMA8653.cpp.o)
                0x000000000001b774                MMA8653::requestUpdate()
 .text._ZN7MMA8653C2ER11MicroBitI2C11MicroBitPinR15CoordinateSpacett
                0x000000000001b7ec       0x5c ym/microbit-dal/source/microbit-dal.a(MMA8653.cpp.o)
                0x000000000001b7ec                MMA8653::MMA8653(MicroBitI2C&, MicroBitPin, CoordinateSpace&, unsigned short, unsigned short)
                0x000000000001b7ec                MMA8653::MMA8653(MicroBitI2C&, MicroBitPin, CoordinateSpace&, unsigned short, unsigned short)
 .text._ZN7MAG3110D2Ev
                0x000000000001b848       0x18 ym/microbit-dal/source/microbit-dal.a(MAG3110.cpp.o)
                0x000000000001b848                MAG3110::~MAG3110()
                0x000000000001b848                MAG3110::~MAG3110()
 .text._ZN7MAG31109configureEv
                0x000000000001b860       0xa0 ym/microbit-dal/source/microbit-dal.a(MAG3110.cpp.o)
                0x000000000001b860                MAG3110::configure()
 .text._ZN7MAG311013requestUpdateEv
                0x000000000001b900       0x7c ym/microbit-dal/source/microbit-dal.a(MAG3110.cpp.o)
                0x000000000001b900                MAG3110::requestUpdate()
 .text._ZN7MAG3110C2ER11MicroBitI2C11MicroBitPinR15CoordinateSpacett
                0x000000000001b97c       0x54 ym/microbit-dal/source/microbit-dal.a(MAG3110.cpp.o)
                0x000000000001b97c                MAG3110::MAG3110(MicroBitI2C&, MicroBitPin, CoordinateSpace&, unsigned short, unsigned short)
                0x000000000001b97c                MAG3110::MAG3110(MicroBitI2C&, MicroBitPin, CoordinateSpace&, unsigned short, unsigned short)
 .text._ZN19LSM303Accelerometer9configureEv
                0x000000000001b9d0       0xa0 ym/microbit-dal/source/microbit-dal.a(LSM303Accelerometer.cpp.o)
                0x000000000001b9d0                LSM303Accelerometer::configure()
 .text._ZN19LSM303AccelerometerD2Ev
                0x000000000001ba70       0x18 ym/microbit-dal/source/microbit-dal.a(LSM303Accelerometer.cpp.o)
                0x000000000001ba70                LSM303Accelerometer::~LSM303Accelerometer()
                0x000000000001ba70                LSM303Accelerometer::~LSM303Accelerometer()
 .text._ZN19LSM303Accelerometer13requestUpdateEv
                0x000000000001ba88       0x94 ym/microbit-dal/source/microbit-dal.a(LSM303Accelerometer.cpp.o)
                0x000000000001ba88                LSM303Accelerometer::requestUpdate()
 .text._ZN19LSM303AccelerometerC2ER11MicroBitI2C11MicroBitPinR15CoordinateSpacett
                0x000000000001bb1c       0x5c ym/microbit-dal/source/microbit-dal.a(LSM303Accelerometer.cpp.o)
                0x000000000001bb1c                LSM303Accelerometer::LSM303Accelerometer(MicroBitI2C&, MicroBitPin, CoordinateSpace&, unsigned short, unsigned short)
                0x000000000001bb1c                LSM303Accelerometer::LSM303Accelerometer(MicroBitI2C&, MicroBitPin, CoordinateSpace&, unsigned short, unsigned short)
 .text._ZN18LSM303Magnetometer9configureEv
                0x000000000001bb78       0x60 ym/microbit-dal/source/microbit-dal.a(LSM303Magnetometer.cpp.o)
                0x000000000001bb78                LSM303Magnetometer::configure()
 .text._ZN18LSM303MagnetometerD2Ev
                0x000000000001bbd8       0x18 ym/microbit-dal/source/microbit-dal.a(LSM303Magnetometer.cpp.o)
                0x000000000001bbd8                LSM303Magnetometer::~LSM303Magnetometer()
                0x000000000001bbd8                LSM303Magnetometer::~LSM303Magnetometer()
 .text._ZN18LSM303Magnetometer13requestUpdateEv
                0x000000000001bbf0       0x70 ym/microbit-dal/source/microbit-dal.a(LSM303Magnetometer.cpp.o)
                0x000000000001bbf0                LSM303Magnetometer::requestUpdate()
 .text._ZN18LSM303MagnetometerC2ER11MicroBitI2C11MicroBitPinR15CoordinateSpacett
                0x000000000001bc60       0x54 ym/microbit-dal/source/microbit-dal.a(LSM303Magnetometer.cpp.o)
                0x000000000001bc60                LSM303Magnetometer::LSM303Magnetometer(MicroBitI2C&, MicroBitPin, CoordinateSpace&, unsigned short, unsigned short)
                0x000000000001bc60                LSM303Magnetometer::LSM303Magnetometer(MicroBitI2C&, MicroBitPin, CoordinateSpace&, unsigned short, unsigned short)
 .text._ZN18MicroBitBLEManagerD2Ev
                0x000000000001bcb4       0x20 ym/microbit-dal/source/microbit-dal.a(MicroBitBLEManager.cpp.o)
                0x000000000001bcb4                MicroBitBLEManager::~MicroBitBLEManager()
                0x000000000001bcb4                MicroBitBLEManager::~MicroBitBLEManager()
 .text._ZL25bleSysAttrMissingCallbackPK32GattSysAttrMissingCallbackParams
                0x000000000001bcd4       0xc8 ym/microbit-dal/source/microbit-dal.a(MicroBitBLEManager.cpp.o)
 .text._ZN18MicroBitBLEManager8idleTickEv
                0x000000000001bd9c      0x110 ym/microbit-dal/source/microbit-dal.a(MicroBitBLEManager.cpp.o)
                0x000000000001bd9c                MicroBitBLEManager::idleTick()
 .text._ZN18GattCharacteristicC2ERK4UUIDPhtthPP13GattAttributejb
                0x000000000001beac       0x8c ym/microbit-dal/source/microbit-dal.a(MicroBitBLEManager.cpp.o)
                0x000000000001beac                GattCharacteristic::GattCharacteristic(UUID const&, unsigned char*, unsigned short, unsigned short, unsigned char, GattAttribute**, unsigned int, bool)
                0x000000000001beac                GattCharacteristic::GattCharacteristic(UUID const&, unsigned char*, unsigned short, unsigned short, unsigned char, GattAttribute**, unsigned int, bool)
 .text._ZN3BLE22setAdvertisingIntervalEt
                0x000000000001bf38       0x3c ym/microbit-dal/source/microbit-dal.a(MicroBitBLEManager.cpp.o)
                0x000000000001bf38                BLE::setAdvertisingInterval(unsigned short)
 .text._ZN24DeviceInformationServiceC2ER3BLEPKcS3_S3_S3_S3_S3_
                0x000000000001bf74      0x1dc ym/microbit-dal/source/microbit-dal.a(MicroBitBLEManager.cpp.o)
                0x000000000001bf74                DeviceInformationService::DeviceInformationService(BLE&, char const*, char const*, char const*, char const*, char const*, char const*)
                0x000000000001bf74                DeviceInformationService::DeviceInformationService(BLE&, char const*, char const*, char const*, char const*, char const*, char const*)
 .text._ZN18MicroBitBLEManagerC2ER15MicroBitStorage
                0x000000000001c150       0x3c ym/microbit-dal/source/microbit-dal.a(MicroBitBLEManager.cpp.o)
                0x000000000001c150                MicroBitBLEManager::MicroBitBLEManager(MicroBitStorage&)
                0x000000000001c150                MicroBitBLEManager::MicroBitBLEManager(MicroBitStorage&)
 .text._ZL24bleDisconnectionCallbackPKN3Gap29DisconnectionCallbackParams_tE
                0x000000000001c18c       0x3c ym/microbit-dal/source/microbit-dal.a(MicroBitBLEManager.cpp.o)
 .text._ZN18MicroBitBLEManager16setTransmitPowerEi
                0x000000000001c1c8       0x3c ym/microbit-dal/source/microbit-dal.a(MicroBitBLEManager.cpp.o)
                0x000000000001c1c8                MicroBitBLEManager::setTransmitPower(int)
 .text._ZN18MicroBitBLEManager4initE13ManagedStringS0_R10EventModelb
                0x000000000001c204      0x2c8 ym/microbit-dal/source/microbit-dal.a(MicroBitBLEManager.cpp.o)
                0x000000000001c204                MicroBitBLEManager::init(ManagedString, ManagedString, EventModel&, bool)
 .text._ZL22passkeyDisplayCallbacktPKh
                0x000000000001c4cc       0x34 ym/microbit-dal/source/microbit-dal.a(MicroBitBLEManager.cpp.o)
 .text._ZL30securitySetupCompletedCallbacktN15SecurityManager26SecurityCompletionStatus_tE
                0x000000000001c500       0x40 ym/microbit-dal/source/microbit-dal.a(MicroBitBLEManager.cpp.o)
 .text._ZN18MicroBitBLEManager27showManagementModeAnimationER15MicroBitDisplay
                0x000000000001c540       0xa8 ym/microbit-dal/source/microbit-dal.a(MicroBitBLEManager.cpp.o)
                0x000000000001c540                MicroBitBLEManager::showManagementModeAnimation(MicroBitDisplay&)
 .text._ZN18MicroBitBLEManager11pairingModeER15MicroBitDisplayR14MicroBitButton
                0x000000000001c5e8      0x298 ym/microbit-dal/source/microbit-dal.a(MicroBitBLEManager.cpp.o)
                0x000000000001c5e8                MicroBitBLEManager::pairingMode(MicroBitDisplay&, MicroBitButton&)
 .text._ZN18MicroBitDFUServiceC2ER3BLE
                0x000000000001c880      0x180 ym/microbit-dal/source/microbit-dal.a(MicroBitDFUService.cpp.o)
                0x000000000001c880                MicroBitDFUService::MicroBitDFUService(BLE&)
                0x000000000001c880                MicroBitDFUService::MicroBitDFUService(BLE&)
 .text._ZN20MicroBitEventServiceC2ER3BLER10EventModel
                0x000000000001ca00      0x20c ym/microbit-dal/source/microbit-dal.a(MicroBitEventService.cpp.o)
                0x000000000001ca00                MicroBitEventService::MicroBitEventService(BLE&, EventModel&)
                0x000000000001ca00                MicroBitEventService::MicroBitEventService(BLE&, EventModel&)
 .text._ZN16MicroBitListenerC2I20MicroBitEventServiceEEttPT_MS2_Fv13MicroBitEventEt
                0x000000000001cc0c       0x70 ym/microbit-dal/source/microbit-dal.a(MicroBitEventService.cpp.o)
                0x000000000001cc0c                MicroBitListener::MicroBitListener<MicroBitEventService>(unsigned short, unsigned short, MicroBitEventService*, void (MicroBitEventService::*)(MicroBitEvent), unsigned short)
                0x000000000001cc0c                MicroBitListener::MicroBitListener<MicroBitEventService>(unsigned short, unsigned short, MicroBitEventService*, void (MicroBitEventService::*)(MicroBitEvent), unsigned short)
 .text._ZN20MicroBitEventService13onDataWrittenEPK23GattWriteCallbackParams
                0x000000000001cc7c       0x90 ym/microbit-dal/source/microbit-dal.a(MicroBitEventService.cpp.o)
                0x000000000001cc7c                MicroBitEventService::onDataWritten(GattWriteCallbackParams const*)
 .text._ZN20MicroBitEventService8idleTickEv
                0x000000000001cd0c       0x54 ym/microbit-dal/source/microbit-dal.a(MicroBitEventService.cpp.o)
                0x000000000001cd0c                MicroBitEventService::idleTick()
 .text          0x000000000001cd60      0x124 ym/microbit-dal/source/microbit-dal.a(CortexContextSwitch.s.obj)
                0x000000000001cd60                swap_context
                0x000000000001cde2                save_context
                0x000000000001ce26                save_register_context
                0x000000000001ce56                restore_register_context
 .text._Z14string_reversePc
                0x000000000001ce84       0x2c ym/microbit-dal/source/microbit-dal.a(MicroBitCompat.cpp.o)
                0x000000000001ce84                string_reverse(char*)
 .text._Z4itoaiPc
                0x000000000001ceb0       0x68 ym/microbit-dal/source/microbit-dal.a(MicroBitCompat.cpp.o)
                0x000000000001ceb0                itoa(int, char*)
 .text._ZNK13KeyValueTable4findEm
                0x000000000001cf18       0x28 ym/microbit-dal/source/microbit-dal.a(MicroBitUtil.cpp.o)
                0x000000000001cf18                KeyValueTable::find(unsigned long) const
 .text._ZN3BLE8InstanceEj
                0x000000000001cf40       0x60 ym/ble/source/ble.a(BLE.cpp.o)
                0x000000000001cf40                BLE::Instance(unsigned int)
 .text._ZN3BLEC2Ej
                0x000000000001cfa0       0x2c ym/ble/source/ble.a(BLE.cpp.o)
                0x000000000001cfa0                BLE::BLE(unsigned int)
                0x000000000001cfa0                BLE::BLE(unsigned int)
 .text._ZNK3BLE3gapEv
                0x000000000001cfcc       0x20 ym/ble/source/ble.a(BLE.cpp.o)
                0x000000000001cfcc                BLE::gap() const
 .text._ZNK3BLE10gattServerEv
                0x000000000001cfec       0x20 ym/ble/source/ble.a(BLE.cpp.o)
                0x000000000001cfec                BLE::gattServer() const
 .text._ZNK3BLE15securityManagerEv
                0x000000000001d00c       0x20 ym/ble/source/ble.a(BLE.cpp.o)
                0x000000000001d00c                BLE::securityManager() const
 .text._ZL16sys_evt_dispatchm
                0x000000000001d02c       0x1c ym/ble-nrf51822/source/ble-nrf51822.a(btle.cpp.o)
 .text._ZL12btle_handlerP9ble_evt_t
                0x000000000001d048      0x18c ym/ble-nrf51822/source/ble-nrf51822.a(btle.cpp.o)
 .text.btle_set_gatt_table_size
                0x000000000001d1d4       0x14 ym/ble-nrf51822/source/ble-nrf51822.a(btle.cpp.o)
                0x000000000001d1d4                btle_set_gatt_table_size
 .text.btle_set_user_evt_handler
                0x000000000001d1e8        0xc ym/ble-nrf51822/source/ble-nrf51822.a(btle.cpp.o)
                0x000000000001d1e8                btle_set_user_evt_handler
 .text.btle_init
                0x000000000001d1f4       0xa4 ym/ble-nrf51822/source/ble-nrf51822.a(btle.cpp.o)
                0x000000000001d1f4                btle_init
 .text.app_error_handler
                0x000000000001d298       0x20 ym/ble-nrf51822/source/ble-nrf51822.a(btle.cpp.o)
                0x000000000001d298                app_error_handler
 .text._Z13btle_gap_initv
                0x000000000001d2b8       0x4c ym/ble-nrf51822/source/ble-nrf51822.a(btle_gap.cpp.o)
                0x000000000001d2b8                btle_gap_init()
 .text._ZNK3Gap25getMaxAdvertisingIntervalEv
                0x000000000001d304        0x8 ym/ble-nrf51822/source/ble-nrf51822.a(nRF5xn.cpp.o)
                0x000000000001d304                Gap::getMaxAdvertisingInterval() const
 .text._ZN10GattClient16discoverServicesEt26FunctionPointerWithContextIPK17DiscoveredServiceERK4UUID
                0x000000000001d30c       0x60 ym/ble-nrf51822/source/ble-nrf51822.a(nRF5xn.cpp.o)
                0x000000000001d30c                GattClient::discoverServices(unsigned short, FunctionPointerWithContext<DiscoveredService const*>, UUID const&)
 .text._ZN6nRF5xn18getSecurityManagerEv
                0x000000000001d36c       0x34 ym/ble-nrf51822/source/ble-nrf51822.a(nRF5xn.cpp.o)
                0x000000000001d36c                nRF5xn::getSecurityManager()
 .text._ZN6nRF5xn13getGattClientEv
                0x000000000001d3a0       0x48 ym/ble-nrf51822/source/ble-nrf51822.a(nRF5xn.cpp.o)
                0x000000000001d3a0                nRF5xn::getGattClient()
 .text._ZN6nRF5xn10getVersionEv
                0x000000000001d3e8       0x74 ym/ble-nrf51822/source/ble-nrf51822.a(nRF5xn.cpp.o)
                0x000000000001d3e8                nRF5xn::getVersion()
 .text._ZN38CallChainOfFunctionPointersWithContextIPK23GattWriteCallbackParamsED2Ev
                0x000000000001d45c       0x14 ym/ble-nrf51822/source/ble-nrf51822.a(nRF5xn.cpp.o)
                0x000000000001d45c                CallChainOfFunctionPointersWithContext<GattWriteCallbackParams const*>::~CallChainOfFunctionPointersWithContext()
                0x000000000001d45c                CallChainOfFunctionPointersWithContext<GattWriteCallbackParams const*>::~CallChainOfFunctionPointersWithContext()
 .text._ZN38CallChainOfFunctionPointersWithContextIPK22GattReadCallbackParamsED2Ev
                0x000000000001d470       0x14 ym/ble-nrf51822/source/ble-nrf51822.a(nRF5xn.cpp.o)
                0x000000000001d470                CallChainOfFunctionPointersWithContext<GattReadCallbackParams const*>::~CallChainOfFunctionPointersWithContext()
                0x000000000001d470                CallChainOfFunctionPointersWithContext<GattReadCallbackParams const*>::~CallChainOfFunctionPointersWithContext()
 .text._ZN38CallChainOfFunctionPointersWithContextIjED2Ev
                0x000000000001d484       0x20 ym/ble-nrf51822/source/ble-nrf51822.a(nRF5xn.cpp.o)
                0x000000000001d484                CallChainOfFunctionPointersWithContext<unsigned int>::~CallChainOfFunctionPointersWithContext()
                0x000000000001d484                CallChainOfFunctionPointersWithContext<unsigned int>::~CallChainOfFunctionPointersWithContext()
 .text._ZN38CallChainOfFunctionPointersWithContextIPK32GattSysAttrMissingCallbackParamsED2Ev
                0x000000000001d4a4       0x20 ym/ble-nrf51822/source/ble-nrf51822.a(nRF5xn.cpp.o)
                0x000000000001d4a4                CallChainOfFunctionPointersWithContext<GattSysAttrMissingCallbackParams const*>::~CallChainOfFunctionPointersWithContext()
                0x000000000001d4a4                CallChainOfFunctionPointersWithContext<GattSysAttrMissingCallbackParams const*>::~CallChainOfFunctionPointersWithContext()
 .text._ZN38CallChainOfFunctionPointersWithContextIPK10GattServerED2Ev
                0x000000000001d4c4       0x20 ym/ble-nrf51822/source/ble-nrf51822.a(nRF5xn.cpp.o)
                0x000000000001d4c4                CallChainOfFunctionPointersWithContext<GattServer const*>::~CallChainOfFunctionPointersWithContext()
                0x000000000001d4c4                CallChainOfFunctionPointersWithContext<GattServer const*>::~CallChainOfFunctionPointersWithContext()
 .text._ZN38CallChainOfFunctionPointersWithContextIPK21GattHVXCallbackParamsED2Ev
                0x000000000001d4e4       0x20 ym/ble-nrf51822/source/ble-nrf51822.a(nRF5xn.cpp.o)
                0x000000000001d4e4                CallChainOfFunctionPointersWithContext<GattHVXCallbackParams const*>::~CallChainOfFunctionPointersWithContext()
                0x000000000001d4e4                CallChainOfFunctionPointersWithContext<GattHVXCallbackParams const*>::~CallChainOfFunctionPointersWithContext()
 .text._ZN38CallChainOfFunctionPointersWithContextIN3Gap15TimeoutSource_tEED2Ev
                0x000000000001d504       0x20 ym/ble-nrf51822/source/ble-nrf51822.a(nRF5xn.cpp.o)
                0x000000000001d504                CallChainOfFunctionPointersWithContext<Gap::TimeoutSource_t>::~CallChainOfFunctionPointersWithContext()
                0x000000000001d504                CallChainOfFunctionPointersWithContext<Gap::TimeoutSource_t>::~CallChainOfFunctionPointersWithContext()
 .text._ZN38CallChainOfFunctionPointersWithContextIPKN3Gap26ConnectionCallbackParams_tEED2Ev
                0x000000000001d524       0x20 ym/ble-nrf51822/source/ble-nrf51822.a(nRF5xn.cpp.o)
                0x000000000001d524                CallChainOfFunctionPointersWithContext<Gap::ConnectionCallbackParams_t const*>::~CallChainOfFunctionPointersWithContext()
                0x000000000001d524                CallChainOfFunctionPointersWithContext<Gap::ConnectionCallbackParams_t const*>::~CallChainOfFunctionPointersWithContext()
 .text._ZN38CallChainOfFunctionPointersWithContextIPKN3Gap29DisconnectionCallbackParams_tEED2Ev
                0x000000000001d544       0x20 ym/ble-nrf51822/source/ble-nrf51822.a(nRF5xn.cpp.o)
                0x000000000001d544                CallChainOfFunctionPointersWithContext<Gap::DisconnectionCallbackParams_t const*>::~CallChainOfFunctionPointersWithContext()
                0x000000000001d544                CallChainOfFunctionPointersWithContext<Gap::DisconnectionCallbackParams_t const*>::~CallChainOfFunctionPointersWithContext()
 .text._ZN38CallChainOfFunctionPointersWithContextIPK3GapED2Ev
                0x000000000001d564       0x20 ym/ble-nrf51822/source/ble-nrf51822.a(nRF5xn.cpp.o)
                0x000000000001d564                CallChainOfFunctionPointersWithContext<Gap const*>::~CallChainOfFunctionPointersWithContext()
                0x000000000001d564                CallChainOfFunctionPointersWithContext<Gap const*>::~CallChainOfFunctionPointersWithContext()
 .text._ZN38CallChainOfFunctionPointersWithContextIPK15SecurityManagerED2Ev
                0x000000000001d584       0x20 ym/ble-nrf51822/source/ble-nrf51822.a(nRF5xn.cpp.o)
                0x000000000001d584                CallChainOfFunctionPointersWithContext<SecurityManager const*>::~CallChainOfFunctionPointersWithContext()
                0x000000000001d584                CallChainOfFunctionPointersWithContext<SecurityManager const*>::~CallChainOfFunctionPointersWithContext()
 .text._ZN38CallChainOfFunctionPointersWithContextIPK10GattClientED2Ev
                0x000000000001d5a4       0x20 ym/ble-nrf51822/source/ble-nrf51822.a(nRF5xn.cpp.o)
                0x000000000001d5a4                CallChainOfFunctionPointersWithContext<GattClient const*>::~CallChainOfFunctionPointersWithContext()
                0x000000000001d5a4                CallChainOfFunctionPointersWithContext<GattClient const*>::~CallChainOfFunctionPointersWithContext()
 .text._ZNK6nRF5xn18getSecurityManagerEv
                0x000000000001d5c4       0x34 ym/ble-nrf51822/source/ble-nrf51822.a(nRF5xn.cpp.o)
                0x000000000001d5c4                nRF5xn::getSecurityManager() const
 .text._ZN6nRF5xnD2Ev
                0x000000000001d5f8       0x60 ym/ble-nrf51822/source/ble-nrf51822.a(nRF5xn.cpp.o)
                0x000000000001d5f8                nRF5xn::~nRF5xn()
                0x000000000001d5f8                nRF5xn::~nRF5xn()
 .text._ZN3Gap5resetEv
                0x000000000001d658       0xe4 ym/ble-nrf51822/source/ble-nrf51822.a(nRF5xn.cpp.o)
                0x000000000001d658                Gap::reset()
 .text._ZN6nRF5xnC2Ev
                0x000000000001d73c      0x13c ym/ble-nrf51822/source/ble-nrf51822.a(nRF5xn.cpp.o)
                0x000000000001d73c                nRF5xn::nRF5xn()
                0x000000000001d73c                nRF5xn::nRF5xn()
 .text._ZN6nRF5xn8InstanceEj
                0x000000000001d878       0x24 ym/ble-nrf51822/source/ble-nrf51822.a(nRF5xn.cpp.o)
                0x000000000001d878                nRF5xn::Instance(unsigned int)
 .text._ZN26FunctionPointerWithContextItEC2EPFvtE
                0x000000000001d89c       0x20 ym/ble-nrf51822/source/ble-nrf51822.a(nRF5xn.cpp.o)
                0x000000000001d89c                FunctionPointerWithContext<unsigned short>::FunctionPointerWithContext(void (*)(unsigned short))
                0x000000000001d89c                FunctionPointerWithContext<unsigned short>::FunctionPointerWithContext(void (*)(unsigned short))
 .text._ZN15nRF5xGattServerC2Ev
                0x000000000001d8bc       0xc0 ym/ble-nrf51822/source/ble-nrf51822.a(nRF5xn.cpp.o)
                0x000000000001d8bc                nRF5xGattServer::nRF5xGattServer()
                0x000000000001d8bc                nRF5xGattServer::nRF5xGattServer()
 .text._ZN8nRF5xGap25getPermittedTxPowerValuesEPPKaPj
                0x000000000001d97c       0x10 ym/ble-nrf51822/source/ble-nrf51822.a(nRF5xGap.cpp.o)
                0x000000000001d97c                nRF5xGap::getPermittedTxPowerValues(signed char const**, unsigned int*)
 .text._Z31radioNotificationStaticCallbackb
                0x000000000001d98c       0x3c ym/ble-nrf51822/source/ble-nrf51822.a(nRF5xGap.cpp.o)
                0x000000000001d98c                radioNotificationStaticCallback(bool)
 .text._ZN8nRF5xGap21initRadioNotificationEv
                0x000000000001d9c8       0x20 ym/ble-nrf51822/source/ble-nrf51822.a(nRF5xGap.cpp.o)
                0x000000000001d9c8                nRF5xGap::initRadioNotification()
 .text._ZN8nRF5xGap22generateStackWhitelistER19ble_gap_whitelist_t
                0x000000000001d9e8       0xdc ym/ble-nrf51822/source/ble-nrf51822.a(nRF5xGap.cpp.o)
                0x000000000001d9e8                nRF5xGap::generateStackWhitelist(ble_gap_whitelist_t&)
 .text._ZN8nRF5xGap16startAdvertisingERK20GapAdvertisingParams
                0x000000000001dac4       0xa8 ym/ble-nrf51822/source/ble-nrf51822.a(nRF5xGap.cpp.o)
                0x000000000001dac4                nRF5xGap::startAdvertising(GapAdvertisingParams const&)
 .text._ZN8nRF5xGap7connectEPKhN11BLEProtocol11AddressType4TypeEPKN3Gap18ConnectionParams_tEPK17GapScanningParams
                0x000000000001db6c      0x100 ym/ble-nrf51822/source/ble-nrf51822.a(nRF5xGap.cpp.o)
                0x000000000001db6c                nRF5xGap::connect(unsigned char const*, BLEProtocol::AddressType::Type, Gap::ConnectionParams_t const*, GapScanningParams const*)
 .text._ZN15nRF5xGattServer4readEtPhPt
                0x000000000001dc6c       0x18 ym/ble-nrf51822/source/ble-nrf51822.a(nRF5xGattServer.cpp.o)
                0x000000000001dc6c                nRF5xGattServer::read(unsigned short, unsigned char*, unsigned short*)
 .text._ZN15nRF5xGattServer5writeEtPKhtb
                0x000000000001dc84       0x1c ym/ble-nrf51822/source/ble-nrf51822.a(nRF5xGattServer.cpp.o)
                0x000000000001dc84                nRF5xGattServer::write(unsigned short, unsigned char const*, unsigned short, bool)
 .text._ZN15nRF5xGattServer5writeEttPKhtb
                0x000000000001dca0       0xf0 ym/ble-nrf51822/source/ble-nrf51822.a(nRF5xGattServer.cpp.o)
                0x000000000001dca0                nRF5xGattServer::write(unsigned short, unsigned short, unsigned char const*, unsigned short, bool)
 .text._ZN15nRF5xGattServer10addServiceER11GattService
                0x000000000001dd90      0x1dc ym/ble-nrf51822/source/ble-nrf51822.a(nRF5xGattServer.cpp.o)
                0x000000000001dd90                nRF5xGattServer::addService(GattService&)
 .text._ZN15nRF5xGattServer5resetEv
                0x000000000001df6c       0x50 ym/ble-nrf51822/source/ble-nrf51822.a(nRF5xGattServer.cpp.o)
                0x000000000001df6c                nRF5xGattServer::reset()
 .text._Z27btle_hasInitializedSecurityv
                0x000000000001dfbc        0xc ym/ble-nrf51822/source/ble-nrf51822.a(btle_security.cpp.o)
                0x000000000001dfbc                btle_hasInitializedSecurity()
 .text._Z23btle_initializeSecuritybbN15SecurityManager24SecurityIOCapabilities_tEPKh
                0x000000000001dfc8       0xc4 ym/ble-nrf51822/source/ble-nrf51822.a(btle_security.cpp.o)
                0x000000000001dfc8                btle_initializeSecurity(bool, bool, SecurityManager::SecurityIOCapabilities_t, unsigned char const*)
 .text._Z25btle_purgeAllBondingStatev
                0x000000000001e08c       0x20 ym/ble-nrf51822/source/ble-nrf51822.a(btle_security.cpp.o)
                0x000000000001e08c                btle_purgeAllBondingState()
 .text._Z20btle_getLinkSecuritytPN15SecurityManager20LinkSecurityStatus_tE
                0x000000000001e0ac       0x54 ym/ble-nrf51822/source/ble-nrf51822.a(btle_security.cpp.o)
                0x000000000001e0ac                btle_getLinkSecurity(unsigned short, SecurityManager::LinkSecurityStatus_t*)
 .text._Z20btle_setLinkSecuritytN15SecurityManager14SecurityMode_tE
                0x000000000001e100       0x4c ym/ble-nrf51822/source/ble-nrf51822.a(btle_security.cpp.o)
                0x000000000001e100                btle_setLinkSecurity(unsigned short, SecurityManager::SecurityMode_t)
 .text._Z33btle_createWhitelistFromBondTableP19ble_gap_whitelist_t
                0x000000000001e14c       0x2c ym/ble-nrf51822/source/ble-nrf51822.a(btle_security.cpp.o)
                0x000000000001e14c                btle_createWhitelistFromBondTable(ble_gap_whitelist_t*)
 .text.custom_convert_to_nordic_uuid
                0x000000000001e178       0xa4 ym/ble-nrf51822/source/ble-nrf51822.a(custom_helper.cpp.o)
                0x000000000001e178                custom_convert_to_nordic_uuid
 .text.custom_add_in_descriptor
                0x000000000001e21c       0x60 ym/ble-nrf51822/source/ble-nrf51822.a(custom_helper.cpp.o)
                0x000000000001e21c                custom_add_in_descriptor
 .text._ZN17GapScanningParamsC2Etttb
                0x000000000001e27c       0x60 ym/ble/source/ble.a(GapScanningParams.cpp.o)
                0x000000000001e27c                GapScanningParams::GapScanningParams(unsigned short, unsigned short, unsigned short, bool)
                0x000000000001e27c                GapScanningParams::GapScanningParams(unsigned short, unsigned short, unsigned short, bool)
 .text.dfu_app_on_dfu_evt
                0x000000000001e2dc      0x16c ym/nrf51-sdk/source/nrf51-sdk.a(dfu_app_handler.c.o)
                0x000000000001e2dc                dfu_app_on_dfu_evt
 .text.gatts_context_store
                0x000000000001e448       0xc0 ym/nrf51-sdk/source/nrf51-sdk.a(device_manager_peripheral.c.o)
 .text.device_context_store
                0x000000000001e508       0xb0 ym/nrf51-sdk/source/nrf51-sdk.a(device_manager_peripheral.c.o)
 .text.gatts_context_apply
                0x000000000001e5b8       0xc0 ym/nrf51-sdk/source/nrf51-sdk.a(device_manager_peripheral.c.o)
 .text.gatts_context_load
                0x000000000001e678       0x34 ym/nrf51-sdk/source/nrf51-sdk.a(device_manager_peripheral.c.o)
 .text.peer_instance_init
                0x000000000001e6ac       0x48 ym/nrf51-sdk/source/nrf51-sdk.a(device_manager_peripheral.c.o)
 .text.device_instance_free
                0x000000000001e6f4       0x2c ym/nrf51-sdk/source/nrf51-sdk.a(device_manager_peripheral.c.o)
 .text.dm_pstorage_cb_handler
                0x000000000001e720      0x124 ym/nrf51-sdk/source/nrf51-sdk.a(device_manager_peripheral.c.o)
 .text.dm_init  0x000000000001e844       0xd4 ym/nrf51-sdk/source/nrf51-sdk.a(device_manager_peripheral.c.o)
                0x000000000001e844                dm_init
 .text.dm_register
                0x000000000001e918       0x70 ym/nrf51-sdk/source/nrf51-sdk.a(device_manager_peripheral.c.o)
                0x000000000001e918                dm_register
 .text.dm_security_status_req
                0x000000000001e988       0x74 ym/nrf51-sdk/source/nrf51-sdk.a(device_manager_peripheral.c.o)
                0x000000000001e988                dm_security_status_req
 .text.dm_whitelist_create
                0x000000000001e9fc       0xbc ym/nrf51-sdk/source/nrf51-sdk.a(device_manager_peripheral.c.o)
                0x000000000001e9fc                dm_whitelist_create
 .text.dm_device_delete_all
                0x000000000001eab8       0x54 ym/nrf51-sdk/source/nrf51-sdk.a(device_manager_peripheral.c.o)
                0x000000000001eab8                dm_device_delete_all
 .text.dm_application_context_set
                0x000000000001eb0c        0x8 ym/nrf51-sdk/source/nrf51-sdk.a(device_manager_peripheral.c.o)
                0x000000000001eb0c                dm_application_context_set
 .text.dm_peer_addr_get
                0x000000000001eb14       0x8c ym/nrf51-sdk/source/nrf51-sdk.a(device_manager_peripheral.c.o)
                0x000000000001eb14                dm_peer_addr_get
 .text.dm_distributed_keys_get
                0x000000000001eba0       0xb0 ym/nrf51-sdk/source/nrf51-sdk.a(device_manager_peripheral.c.o)
                0x000000000001eba0                dm_distributed_keys_get
 .text.bond_data_load
                0x000000000001ec50       0x48 ym/nrf51-sdk/source/nrf51-sdk.a(device_manager_peripheral.c.o)
                0x000000000001ec50                bond_data_load
 .text.address_to_device_id
                0x000000000001ec98       0x2c ym/nrf51-sdk/source/nrf51-sdk.a(device_manager_peripheral.c.o)
                0x000000000001ec98                address_to_device_id
 .text.dm_ble_evt_handler
                0x000000000001ecc4      0x388 ym/nrf51-sdk/source/nrf51-sdk.a(device_manager_peripheral.c.o)
                0x000000000001ecc4                dm_ble_evt_handler
 .text.dm_handle_get
                0x000000000001f04c       0x48 ym/nrf51-sdk/source/nrf51-sdk.a(device_manager_peripheral.c.o)
                0x000000000001f04c                dm_handle_get
 .text.pstorage_flash_page_end
                0x000000000001f094       0x20 ym/nrf51-sdk/source/nrf51-sdk.a(pstorage.c.o)
 .text.swap_sub_state_entry_action_run
                0x000000000001f0b4       0x18 ym/nrf51-sdk/source/nrf51-sdk.a(pstorage.c.o)
 .text.app_notify
                0x000000000001f0cc       0x2c ym/nrf51-sdk/source/nrf51-sdk.a(pstorage.c.o)
 .text.is_page_erase_required
                0x000000000001f0f8       0x50 ym/nrf51-sdk/source/nrf51-sdk.a(pstorage.c.o)
 .text.swap_sub_state_err_busy_process
                0x000000000001f148       0x18 ym/nrf51-sdk/source/nrf51-sdk.a(pstorage.c.o)
 .text.data_to_swap_write_state_run
                0x000000000001f160       0x30 ym/nrf51-sdk/source/nrf51-sdk.a(pstorage.c.o)
 .text.swap_erase_state_run
                0x000000000001f190       0x24 ym/nrf51-sdk/source/nrf51-sdk.a(pstorage.c.o)
 .text.flash_api_err_code_process
                0x000000000001f1b4       0x40 ym/nrf51-sdk/source/nrf51-sdk.a(pstorage.c.o)
 .text.store_cmd_flash_write_execute
                0x000000000001f1f4       0x54 ym/nrf51-sdk/source/nrf51-sdk.a(pstorage.c.o)
 .text.state_restore_head_entry_run
                0x000000000001f248       0x34 ym/nrf51-sdk/source/nrf51-sdk.a(pstorage.c.o)
 .text.state_restore_tail_entry_run
                0x000000000001f27c       0x48 ym/nrf51-sdk/source/nrf51-sdk.a(pstorage.c.o)
 .text.state_write_data_swap_entry_run
                0x000000000001f2c4       0x2c ym/nrf51-sdk/source/nrf51-sdk.a(pstorage.c.o)
 .text.state_data_erase_entry_run
                0x000000000001f2f0       0x14 ym/nrf51-sdk/source/nrf51-sdk.a(pstorage.c.o)
 .text.state_entry_action_run
                0x000000000001f304       0xc4 ym/nrf51-sdk/source/nrf51-sdk.a(pstorage.c.o)
 .text.clear_operation_execute
                0x000000000001f3c8      0x114 ym/nrf51-sdk/source/nrf51-sdk.a(pstorage.c.o)
 .text.cmd_process
                0x000000000001f4dc       0x3c ym/nrf51-sdk/source/nrf51-sdk.a(pstorage.c.o)
 .text.cmd_queue_enqueue
                0x000000000001f518       0x54 ym/nrf51-sdk/source/nrf51-sdk.a(pstorage.c.o)
 .text.command_end_procedure_run
                0x000000000001f56c       0x54 ym/nrf51-sdk/source/nrf51-sdk.a(pstorage.c.o)
 .text.clear_post_processing_run
                0x000000000001f5c0       0x2c ym/nrf51-sdk/source/nrf51-sdk.a(pstorage.c.o)
 .text.head_restore_state_run
                0x000000000001f5ec       0x9c ym/nrf51-sdk/source/nrf51-sdk.a(pstorage.c.o)
 .text.tail_restore_state_run
                0x000000000001f688       0x1c ym/nrf51-sdk/source/nrf51-sdk.a(pstorage.c.o)
 .text.data_page_erase_state_run
                0x000000000001f6a4       0x78 ym/nrf51-sdk/source/nrf51-sdk.a(pstorage.c.o)
 .text.flash_operation_success_run
                0x000000000001f71c       0x98 ym/nrf51-sdk/source/nrf51-sdk.a(pstorage.c.o)
 .text.pstorage_sys_event_handler
                0x000000000001f7b4       0x68 ym/nrf51-sdk/source/nrf51-sdk.a(pstorage.c.o)
                0x000000000001f7b4                pstorage_sys_event_handler
 .text.pstorage_init
                0x000000000001f81c       0x80 ym/nrf51-sdk/source/nrf51-sdk.a(pstorage.c.o)
                0x000000000001f81c                pstorage_init
 .text.pstorage_register
                0x000000000001f89c       0xbc ym/nrf51-sdk/source/nrf51-sdk.a(pstorage.c.o)
                0x000000000001f89c                pstorage_register
 .text.pstorage_block_identifier_get
                0x000000000001f958       0x4c ym/nrf51-sdk/source/nrf51-sdk.a(pstorage.c.o)
                0x000000000001f958                pstorage_block_identifier_get
 .text.pstorage_store
                0x000000000001f9a4       0x78 ym/nrf51-sdk/source/nrf51-sdk.a(pstorage.c.o)
                0x000000000001f9a4                pstorage_store
 .text.pstorage_update
                0x000000000001fa1c       0x78 ym/nrf51-sdk/source/nrf51-sdk.a(pstorage.c.o)
                0x000000000001fa1c                pstorage_update
 .text.pstorage_load
                0x000000000001fa94       0x94 ym/nrf51-sdk/source/nrf51-sdk.a(pstorage.c.o)
                0x000000000001fa94                pstorage_load
 .text.pstorage_clear
                0x000000000001fb28       0x84 ym/nrf51-sdk/source/nrf51-sdk.a(pstorage.c.o)
                0x000000000001fb28                pstorage_clear
 .text.bootloader_util_app_start
                0x000000000001fbac       0x3c ym/nrf51-sdk/source/nrf51-sdk.a(bootloader_util.c.o)
                0x000000000001fbac                bootloader_util_app_start
 .text.intern_softdevice_events_execute
                0x000000000001fbe8       0xa0 ym/nrf51-sdk/source/nrf51-sdk.a(softdevice_handler.c.o)
                0x000000000001fbe8                intern_softdevice_events_execute
 .text.softdevice_handler_init
                0x000000000001fc88       0x48 ym/nrf51-sdk/source/nrf51-sdk.a(softdevice_handler.c.o)
                0x000000000001fc88                softdevice_handler_init
 .text.softdevice_handler_sd_disable
                0x000000000001fcd0       0x18 ym/nrf51-sdk/source/nrf51-sdk.a(softdevice_handler.c.o)
                0x000000000001fcd0                softdevice_handler_sd_disable
 .text.softdevice_ble_evt_handler_set
                0x000000000001fce8       0x14 ym/nrf51-sdk/source/nrf51-sdk.a(softdevice_handler.c.o)
                0x000000000001fce8                softdevice_ble_evt_handler_set
 .text.softdevice_sys_evt_handler_set
                0x000000000001fcfc       0x14 ym/nrf51-sdk/source/nrf51-sdk.a(softdevice_handler.c.o)
                0x000000000001fcfc                softdevice_sys_evt_handler_set
 .text.SWI2_IRQHandler
                0x000000000001fd10       0x24 ym/nrf51-sdk/source/nrf51-sdk.a(softdevice_handler.c.o)
                0x000000000001fd10                SWI2_IRQHandler
 .text.ble_dfu_response_send
                0x000000000001fd34       0x68 ym/nrf51-sdk/source/nrf51-sdk.a(ble_dfu.c.o)
                0x000000000001fd34                ble_dfu_response_send
 .text.SWI1_IRQHandler
                0x000000000001fd9c       0x20 ym/nrf51-sdk/source/nrf51-sdk.a(ble_radio_notification.c.o)
                0x000000000001fd9c                SWI1_IRQHandler
 .text.ble_radio_notification_init
                0x000000000001fdbc       0x38 ym/nrf51-sdk/source/nrf51-sdk.a(ble_radio_notification.c.o)
                0x000000000001fdbc                ble_radio_notification_init
 .text._ZN4mbed3I2CC2E7PinNameS1_
                0x000000000001fdf4       0x30 /home/hettysymes/Microbit/MicrobitDraw/build/bbc-microbit-classic-gcc/ym/mbed-classic/existing/mbed-classic.a(I2C.cpp.o)
                0x000000000001fdf4                mbed::I2C::I2C(PinName, PinName)
                0x000000000001fdf4                mbed::I2C::I2C(PinName, PinName)
 .text._ZN4mbed3I2C6aquireEv
                0x000000000001fe24       0x1c /home/hettysymes/Microbit/MicrobitDraw/build/bbc-microbit-classic-gcc/ym/mbed-classic/existing/mbed-classic.a(I2C.cpp.o)
                0x000000000001fe24                mbed::I2C::aquire()
 .text._ZN4mbed11InterruptInD2Ev
                0x000000000001fe40       0x18 /home/hettysymes/Microbit/MicrobitDraw/build/bbc-microbit-classic-gcc/ym/mbed-classic/existing/mbed-classic.a(InterruptIn.cpp.o)
                0x000000000001fe40                mbed::InterruptIn::~InterruptIn()
                0x000000000001fe40                mbed::InterruptIn::~InterruptIn()
 .text._ZN4mbed11InterruptInC2E7PinName
                0x000000000001fe58       0x48 /home/hettysymes/Microbit/MicrobitDraw/build/bbc-microbit-classic-gcc/ym/mbed-classic/existing/mbed-classic.a(InterruptIn.cpp.o)
                0x000000000001fe58                mbed::InterruptIn::InterruptIn(PinName)
                0x000000000001fe58                mbed::InterruptIn::InterruptIn(PinName)
 .text._ZN4mbed9RawSerialC2E7PinNameS1_
                0x000000000001fea0       0x14 /home/hettysymes/Microbit/MicrobitDraw/build/bbc-microbit-classic-gcc/ym/mbed-classic/existing/mbed-classic.a(RawSerial.cpp.o)
                0x000000000001fea0                mbed::RawSerial::RawSerial(PinName, PinName)
                0x000000000001fea0                mbed::RawSerial::RawSerial(PinName, PinName)
 .text._ZN4mbed10SerialBaseC2E7PinNameS1_
                0x000000000001feb4       0x3c /home/hettysymes/Microbit/MicrobitDraw/build/bbc-microbit-classic-gcc/ym/mbed-classic/existing/mbed-classic.a(SerialBase.cpp.o)
                0x000000000001feb4                mbed::SerialBase::SerialBase(PinName, PinName)
                0x000000000001feb4                mbed::SerialBase::SerialBase(PinName, PinName)
 .text._ZN4mbed6TickerD2Ev
                0x000000000001fef0       0x1c /home/hettysymes/Microbit/MicrobitDraw/build/bbc-microbit-classic-gcc/ym/mbed-classic/existing/mbed-classic.a(Ticker.cpp.o)
                0x000000000001fef0                mbed::Ticker::~Ticker()
                0x000000000001fef0                mbed::Ticker::~Ticker()
 .text._ZN4mbed7TimeoutD2Ev
                0x000000000001ff0c       0x1c /home/hettysymes/Microbit/MicrobitDraw/build/bbc-microbit-classic-gcc/ym/mbed-classic/existing/mbed-classic.a(Timeout.cpp.o)
                0x000000000001ff0c                mbed::Timeout::~Timeout()
                0x000000000001ff0c                mbed::Timeout::~Timeout()
 .text._ZN4mbed10TimerEventC2Ev
                0x000000000001ff28       0x2c /home/hettysymes/Microbit/MicrobitDraw/build/bbc-microbit-classic-gcc/ym/mbed-classic/existing/mbed-classic.a(TimerEvent.cpp.o)
                0x000000000001ff28                mbed::TimerEvent::TimerEvent()
                0x000000000001ff28                mbed::TimerEvent::TimerEvent()
 .text._ZN4mbed10TimerEventD2Ev
                0x000000000001ff54       0x18 /home/hettysymes/Microbit/MicrobitDraw/build/bbc-microbit-classic-gcc/ym/mbed-classic/existing/mbed-classic.a(TimerEvent.cpp.o)
                0x000000000001ff54                mbed::TimerEvent::~TimerEvent()
                0x000000000001ff54                mbed::TimerEvent::~TimerEvent()
 .text.get_us_ticker_data
                0x000000000001ff6c        0x8 /home/hettysymes/Microbit/MicrobitDraw/build/bbc-microbit-classic-gcc/ym/mbed-classic/existing/mbed-classic.a(us_ticker_api.c.o)
                0x000000000001ff6c                get_us_ticker_data
 .text.us_ticker_irq_handler
                0x000000000001ff74       0x10 /home/hettysymes/Microbit/MicrobitDraw/build/bbc-microbit-classic-gcc/ym/mbed-classic/existing/mbed-classic.a(us_ticker_api.c.o)
                0x000000000001ff74                us_ticker_irq_handler
 .text          0x000000000001ff84       0x48 /home/hettysymes/Microbit/MicrobitDraw/build/bbc-microbit-classic-gcc/ym/mbed-classic/existing/mbed-classic.a(startup_NRF51822.S.obj)
                0x000000000001ff84                Reset_Handler
                0x000000000001ffc0                NMI_Handler
                0x000000000001ffc2                HardFault_Handler
                0x000000000001ffc4                SVC_Handler
                0x000000000001ffc6                PendSV_Handler
                0x000000000001ffc8                SysTick_Handler
                0x000000000001ffca                SPI0_TWI0_IRQHandler
                0x000000000001ffca                RTC0_IRQHandler
                0x000000000001ffca                POWER_CLOCK_IRQHandler
                0x000000000001ffca                LPCOMP_IRQHandler
                0x000000000001ffca                SWI4_IRQHandler
                0x000000000001ffca                TEMP_IRQHandler
                0x000000000001ffca                QDEC_IRQHandler
                0x000000000001ffca                SWI5_IRQHandler
                0x000000000001ffca                TIMER0_IRQHandler
                0x000000000001ffca                SWI0_IRQHandler
                0x000000000001ffca                ECB_IRQHandler
                0x000000000001ffca                Default_Handler
                0x000000000001ffca                ADC_IRQHandler
                0x000000000001ffca                SWI3_IRQHandler
                0x000000000001ffca                CCM_AAR_IRQHandler
                0x000000000001ffca                WDT_IRQHandler
                0x000000000001ffca                RNG_IRQHandler
                0x000000000001ffca                SPI1_TWI1_IRQHandler
                0x000000000001ffca                RTC1_IRQHandler
 .text.analogin_init
                0x000000000001ffcc       0x4c /home/hettysymes/Microbit/MicrobitDraw/build/bbc-microbit-classic-gcc/ym/mbed-classic/existing/mbed-classic.a(analogin_api.c.o)
                0x000000000001ffcc                analogin_init
 .text.analogin_read_u16
                0x0000000000020018       0x3c /home/hettysymes/Microbit/MicrobitDraw/build/bbc-microbit-classic-gcc/ym/mbed-classic/existing/mbed-classic.a(analogin_api.c.o)
                0x0000000000020018                analogin_read_u16
 .text.gpio_init
                0x0000000000020054       0x30 /home/hettysymes/Microbit/MicrobitDraw/build/bbc-microbit-classic-gcc/ym/mbed-classic/existing/mbed-classic.a(gpio_api.c.o)
                0x0000000000020054                gpio_init
 .text.GPIOTE_IRQHandler
                0x0000000000020084       0xf4 /home/hettysymes/Microbit/MicrobitDraw/build/bbc-microbit-classic-gcc/ym/mbed-classic/existing/mbed-classic.a(gpio_irq_api.c.o)
                0x0000000000020084                GPIOTE_IRQHandler
 .text.gpio_irq_init
                0x0000000000020178       0x60 /home/hettysymes/Microbit/MicrobitDraw/build/bbc-microbit-classic-gcc/ym/mbed-classic/existing/mbed-classic.a(gpio_irq_api.c.o)
                0x0000000000020178                gpio_irq_init
 .text.gpio_irq_free
                0x00000000000201d8       0x10 /home/hettysymes/Microbit/MicrobitDraw/build/bbc-microbit-classic-gcc/ym/mbed-classic/existing/mbed-classic.a(gpio_irq_api.c.o)
                0x00000000000201d8                gpio_irq_free
 .text.gpio_irq_set
                0x00000000000201e8       0x9c /home/hettysymes/Microbit/MicrobitDraw/build/bbc-microbit-classic-gcc/ym/mbed-classic/existing/mbed-classic.a(gpio_irq_api.c.o)
                0x00000000000201e8                gpio_irq_set
 .text.i2c_do_write
                0x0000000000020284       0x28 /home/hettysymes/Microbit/MicrobitDraw/build/bbc-microbit-classic-gcc/ym/mbed-classic/existing/mbed-classic.a(i2c_api.c.o)
                0x0000000000020284                i2c_do_write
 .text.i2c_do_read
                0x00000000000202ac       0x3c /home/hettysymes/Microbit/MicrobitDraw/build/bbc-microbit-classic-gcc/ym/mbed-classic/existing/mbed-classic.a(i2c_api.c.o)
                0x00000000000202ac                i2c_do_read
 .text.i2c_frequency
                0x00000000000202e8       0x48 /home/hettysymes/Microbit/MicrobitDraw/build/bbc-microbit-classic-gcc/ym/mbed-classic/existing/mbed-classic.a(i2c_api.c.o)
                0x00000000000202e8                i2c_frequency
 .text.twi_master_init
                0x0000000000020330       0x48 /home/hettysymes/Microbit/MicrobitDraw/build/bbc-microbit-classic-gcc/ym/mbed-classic/existing/mbed-classic.a(i2c_api.c.o)
                0x0000000000020330                twi_master_init
 .text.i2c_init
                0x0000000000020378       0xc4 /home/hettysymes/Microbit/MicrobitDraw/build/bbc-microbit-classic-gcc/ym/mbed-classic/existing/mbed-classic.a(i2c_api.c.o)
                0x0000000000020378                i2c_init
 .text.i2c_reset
                0x000000000002043c       0x30 /home/hettysymes/Microbit/MicrobitDraw/build/bbc-microbit-classic-gcc/ym/mbed-classic/existing/mbed-classic.a(i2c_api.c.o)
                0x000000000002043c                i2c_reset
 .text.i2c_stop
                0x000000000002046c       0x34 /home/hettysymes/Microbit/MicrobitDraw/build/bbc-microbit-classic-gcc/ym/mbed-classic/existing/mbed-classic.a(i2c_api.c.o)
                0x000000000002046c                i2c_stop
 .text.checkError
                0x00000000000204a0       0x28 /home/hettysymes/Microbit/MicrobitDraw/build/bbc-microbit-classic-gcc/ym/mbed-classic/existing/mbed-classic.a(i2c_api.c.o)
                0x00000000000204a0                checkError
 .text.port_init
                0x00000000000204c8       0x28 /home/hettysymes/Microbit/MicrobitDraw/build/bbc-microbit-classic-gcc/ym/mbed-classic/existing/mbed-classic.a(port_api.c.o)
                0x00000000000204c8                port_init
 .text.pwm_disconnect
                0x00000000000204f0       0x60 /home/hettysymes/Microbit/MicrobitDraw/build/bbc-microbit-classic-gcc/ym/mbed-classic/existing/mbed-classic.a(pwmout_api.c.o)
 .text.TIMER2_IRQHandler
                0x0000000000020550       0x68 /home/hettysymes/Microbit/MicrobitDraw/build/bbc-microbit-classic-gcc/ym/mbed-classic/existing/mbed-classic.a(pwmout_api.c.o)
                0x0000000000020550                TIMER2_IRQHandler
 .text.serial_baud.part.0
                0x00000000000205b8       0x38 /home/hettysymes/Microbit/MicrobitDraw/build/bbc-microbit-classic-gcc/ym/mbed-classic/existing/mbed-classic.a(serial_api.c.o)
 .text.serial_init
                0x00000000000205f0       0xb8 /home/hettysymes/Microbit/MicrobitDraw/build/bbc-microbit-classic-gcc/ym/mbed-classic/existing/mbed-classic.a(serial_api.c.o)
                0x00000000000205f0                serial_init
 .text.serial_baud
                0x00000000000206a8       0x20 /home/hettysymes/Microbit/MicrobitDraw/build/bbc-microbit-classic-gcc/ym/mbed-classic/existing/mbed-classic.a(serial_api.c.o)
                0x00000000000206a8                serial_baud
 .text.UART0_IRQHandler
                0x00000000000206c8       0x4c /home/hettysymes/Microbit/MicrobitDraw/build/bbc-microbit-classic-gcc/ym/mbed-classic/existing/mbed-classic.a(serial_api.c.o)
                0x00000000000206c8                UART0_IRQHandler
 .text.serial_irq_handler
                0x0000000000020714       0x18 /home/hettysymes/Microbit/MicrobitDraw/build/bbc-microbit-classic-gcc/ym/mbed-classic/existing/mbed-classic.a(serial_api.c.o)
                0x0000000000020714                serial_irq_handler
 .text.serial_putc
                0x000000000002072c       0x1c /home/hettysymes/Microbit/MicrobitDraw/build/bbc-microbit-classic-gcc/ym/mbed-classic/existing/mbed-classic.a(serial_api.c.o)
                0x000000000002072c                serial_putc
 .text.twi_master_clear_bus
                0x0000000000020748       0xb0 /home/hettysymes/Microbit/MicrobitDraw/build/bbc-microbit-classic-gcc/ym/mbed-classic/existing/mbed-classic.a(twi_master.c.o)
 .text.twi_master_init_and_clear
                0x00000000000207f8       0x74 /home/hettysymes/Microbit/MicrobitDraw/build/bbc-microbit-classic-gcc/ym/mbed-classic/existing/mbed-classic.a(twi_master.c.o)
                0x00000000000207f8                twi_master_init_and_clear
 .text.tmr1_getCounter64
                0x000000000002086c       0x50 /home/hettysymes/Microbit/MicrobitDraw/build/bbc-microbit-classic-gcc/ym/mbed-classic/existing/mbed-classic.a(us_ticker.c.o)
 .text.TIMER1_IRQHandler
                0x00000000000208bc       0x50 /home/hettysymes/Microbit/MicrobitDraw/build/bbc-microbit-classic-gcc/ym/mbed-classic/existing/mbed-classic.a(us_ticker.c.o)
                0x00000000000208bc                TIMER1_IRQHandler
 .text.us_ticker_init
                0x000000000002090c       0x8c /home/hettysymes/Microbit/MicrobitDraw/build/bbc-microbit-classic-gcc/ym/mbed-classic/existing/mbed-classic.a(us_ticker.c.o)
                0x000000000002090c                us_ticker_init
 .text.us_ticker_read
                0x0000000000020998       0x18 /home/hettysymes/Microbit/MicrobitDraw/build/bbc-microbit-classic-gcc/ym/mbed-classic/existing/mbed-classic.a(us_ticker.c.o)
                0x0000000000020998                us_ticker_read
 .text.us_ticker_set_interrupt
                0x00000000000209b0       0x54 /home/hettysymes/Microbit/MicrobitDraw/build/bbc-microbit-classic-gcc/ym/mbed-classic/existing/mbed-classic.a(us_ticker.c.o)
                0x00000000000209b0                us_ticker_set_interrupt
 .text.pinmap_peripheral
                0x0000000000020a04       0x20 /home/hettysymes/Microbit/MicrobitDraw/build/bbc-microbit-classic-gcc/ym/mbed-classic/existing/mbed-classic.a(pinmap_common.c.o)
                0x0000000000020a04                pinmap_peripheral
 .text.SystemInit
                0x0000000000020a24       0xac /home/hettysymes/Microbit/MicrobitDraw/build/bbc-microbit-classic-gcc/ym/mbed-classic/existing/mbed-classic.a(system_nrf51.c.o)
                0x0000000000020a24                SystemInit
 .text._ZSt15get_new_handlerv
                0x0000000000020ad0        0xc /usr/lib/gcc/arm-none-eabi/9.2.1/../../../arm-none-eabi/lib/thumb/v6-m/nofp/libstdc++_nano.a(new_handler.o)
                0x0000000000020ad0                std::get_new_handler()
 .text          0x0000000000020adc       0x14 /usr/lib/gcc/arm-none-eabi/9.2.1/thumb/v6-m/nofp/libgcc.a(_thumb1_case_uqi.o)
                0x0000000000020adc                __gnu_thumb1_case_uqi
 .text          0x0000000000020af0       0x14 /usr/lib/gcc/arm-none-eabi/9.2.1/thumb/v6-m/nofp/libgcc.a(_thumb1_case_uhi.o)
                0x0000000000020af0                __gnu_thumb1_case_uhi
 .text          0x0000000000020b04      0x114 /usr/lib/gcc/arm-none-eabi/9.2.1/thumb/v6-m/nofp/libgcc.a(_udivsi3.o)
                0x0000000000020b04                __udivsi3
                0x0000000000020b04                __aeabi_uidiv
                0x0000000000020c10                __aeabi_uidivmod
 .text          0x0000000000020c18      0x1d4 /usr/lib/gcc/arm-none-eabi/9.2.1/thumb/v6-m/nofp/libgcc.a(_divsi3.o)
                0x0000000000020c18                __aeabi_idiv
                0x0000000000020c18                __divsi3
                0x0000000000020de4                __aeabi_idivmod
 .text          0x0000000000020dec        0x4 /usr/lib/gcc/arm-none-eabi/9.2.1/thumb/v6-m/nofp/libgcc.a(_dvmd_tls.o)
                0x0000000000020dec                __aeabi_ldiv0
                0x0000000000020dec                __aeabi_idiv0
 .text          0x0000000000020df0       0x74 /usr/lib/gcc/arm-none-eabi/9.2.1/thumb/v6-m/nofp/libgcc.a(_arm_cmpsf2.o)
                0x0000000000020df0                __aeabi_cfrcmple
                0x0000000000020df8                __aeabi_cfcmple
                0x0000000000020df8                __aeabi_cfcmpeq